Microchip MPLAB XC8 Compiler V2.10 ()

Linker command line:

-W-3 --edf=C:\Program Files (x86)\Microchip\xc8\v2.10\pic\dat\en_msgs.txt \
  -cs -h+dist/default/production\aeos-master.production.sym \
  --cmf=dist/default/production\aeos-master.production.cmf -z -Q18F4520 \
  -oC:\Users\Ale\AppData\Local\Temp\s9qc.3 --defsym=__MPLAB_BUILD=1 \
  -Mdist/default/production/aeos-master.production.map -E1 -ver=XC8 \
  --acfsm=1493 -ASTACK=05D7h-05FFh -pstack=STACK -ACODE=00h-07FFFh \
  -ACONST=00h-07FFFh -ASMALLCONST=0600h-06FFhx122 \
  -AMEDIUMCONST=0600h-07FFFh -ACOMRAM=01h-07Fh -AABS1=00h-05FFh \
  -ABIGRAM=01h-05FFh -ARAM=080h-0FFh,0100h-01FFhx5 -ABANK0=080h-0FFh \
  -ABANK1=0100h-01FFh -ABANK2=0200h-02FFh -ABANK3=0300h-03FFh \
  -ABANK4=0400h-04FFh -ABANK5=0500h-05FFh -ASFR=0F80h-0FFFh \
  -preset_vec=00h,intcode=08h,intcodelo,powerup,init -pramtop=0600h \
  -psmallconst=SMALLCONST -pmediumconst=MEDIUMCONST -pconst=CONST \
  -AFARRAM=00h-00h -ACONFIG=0300000h-030000Dh -pconfig=CONFIG \
  -AIDLOC=0200000h-0200007h -pidloc=IDLOC -AEEDATA=0F00000h-0F000FFh \
  -peeprom_data=EEDATA \
  -prdata=COMRAM,nvrram=COMRAM,nvbit=COMRAM,rbss=COMRAM,rbit=COMRAM \
  -pfarbss=FARRAM,fardata=FARRAM,nvFARRAM=FARRAM \
  -pintsave_regs=BIGRAM,bigbss=BIGRAM,bigdata=BIGRAM -pbss=RAM \
  -pidata=CODE,irdata=CODE,ibigdata=CODE,ifardata=CODE -prparam=COMRAM \
  C:\Users\Ale\AppData\Local\Temp\s9qc.o \
  dist/default/production\aeos-master.production.o 

Object code version is 3.11

Machine type is 18F4520

Call graph: (short form)




                Name                               Link     Load   Length Selector   Space Scale
C:\Users\Ale\AppData\Local\Temp\s9qc.o
                stack                               5D7      5D7       29      5D7       2
                init                                  C        C        8        4       0
                reset_vec                             0        0        4        0       0
                idloc                            200000   200000        8   200000       0
                config                           300000   300000        E   300000       0
dist/default/production\aeos-master.production.o
                intcode                               8        8        4        4       0
                temp                                 62       62        C        1       1
                intcode_body                       1122     1122       B4        4       0
                text26                             1666     1666       2E        4       0
                text25                             155C     155C       46        4       0
                text24                             140A     140A       62        4       0
                text23                             1514     1514       48        4       0
                text22                             15A2     15A2       44        4       0
                text21                              B24      B24      14A        4       0
                text20                             1274     1274       9A        4       0
                text19                               14       14      530        4       0
                text18                              9D6      9D6      14E        4       0
                text17                              E9A      E9A       F6        4       0
                text16                              6E2      6E2      17C        4       0
                text15                              544      544      19E        4       0
                text14                             1068     1068       BA        4       0
                text13                             1694     1694       2A        4       0
                text12                             13A4     13A4       66        4       0
                text11                             16BE     16BE       12        4       0
                text10                             130E     130E       96        4       0
                text9                               85E      85E      178        4       0
                text8                               F90      F90       D8        4       0
                text7                               C6E      C6E      11E        4       0
                text6                              14C2     14C2       52        4       0
                text5                              15E6     15E6       42        4       0
                text4                              16D0     16D0        A        4       0
                text3                              11D6     11D6       9E        4       0
                text2                              1628     1628       3E        4       0
                text1                              16DA     16DA        8        4       0
                text0                               D8C      D8C      10E        4       0
                cstackCOMRAM                         41       41       21        1       1
                bssBIGRAM                            BC       BC      51B       BC       1
                bssBANK0                             80       80       3C       80       1
                dataCOMRAM                           6E       6E        4        1       1
                bssCOMRAM                             1        1       40        1       1
                cinit                              146C     146C       56        4       0
                idataCOMRAM                        16E2     16E2        4        4       0

TOTAL           Name                               Link     Load   Length     Space
        CLASS   STACK          
                stack                               5D7      5D7       29         2

        CLASS   CODE           
                intcode                               8        8        4         0
                init                                  C        C        8         0
                reset_vec                             0        0        4         0
                intcode_body                       1122     1122       B4         0
                text26                             1666     1666       2E         0
                text25                             155C     155C       46         0
                text24                             140A     140A       62         0
                text23                             1514     1514       48         0
                text22                             15A2     15A2       44         0
                text21                              B24      B24      14A         0
                text20                             1274     1274       9A         0
                text19                               14       14      530         0
                text18                              9D6      9D6      14E         0
                text17                              E9A      E9A       F6         0
                text16                              6E2      6E2      17C         0
                text15                              544      544      19E         0
                text14                             1068     1068       BA         0
                text13                             1694     1694       2A         0
                text12                             13A4     13A4       66         0
                text11                             16BE     16BE       12         0
                text10                             130E     130E       96         0
                text9                               85E      85E      178         0
                text8                               F90      F90       D8         0
                text7                               C6E      C6E      11E         0
                text6                              14C2     14C2       52         0
                text5                              15E6     15E6       42         0
                text4                              16D0     16D0        A         0
                text3                              11D6     11D6       9E         0
                text2                              1628     1628       3E         0
                text1                              16DA     16DA        8         0
                text0                               D8C      D8C      10E         0
                cinit                              146C     146C       56         0
                idataCOMRAM                        16E2     16E2        4         0

        CLASS   CONST          

        CLASS   SMALLCONST     

        CLASS   MEDIUMCONST    

        CLASS   COMRAM         
                temp                                 62       62        C         1
                cstackCOMRAM                         41       41       21         1
                dataCOMRAM                           6E       6E        4         1
                bssCOMRAM                             1        1       40         1

        CLASS   ABS1           

        CLASS   BIGRAM         
                bssBIGRAM                            BC       BC      51B         1

        CLASS   RAM            

        CLASS   BANK0          
                bssBANK0                             80       80       3C         1

        CLASS   BANK1          

        CLASS   BANK2          

        CLASS   BANK3          

        CLASS   BANK4          

        CLASS   BANK5          

        CLASS   SFR            

        CLASS   FARRAM         

        CLASS   CONFIG         
                config                           300000   300000        E         0

        CLASS   IDLOC          
                idloc                            200000   200000        8         0

        CLASS   EEDATA         



SEGMENTS        Name                           Load    Length   Top    Selector   Space  Class

                reset_vec                      000000  000004  000004         0       0  CODE    
                bssCOMRAM                      000001  000071  000072         1       1  COMRAM  
                intcode                        000008  0016DE  0016E6         4       0  CODE    
                bssBANK0                       000080  00003C  0000BC        80       1  BANK0   
                bssBIGRAM                      0000BC  00051B  0005D7        BC       1  BIGRAM  
                stack                          0005D7  000029  000600       5D7       2  STACK   
                idloc                          200000  000008  200008    200000       0  IDLOC   
                config                         300000  00000E  30000E    300000       0  CONFIG  


UNUSED ADDRESS RANGES

        Name                Unused          Largest block    Delta
        BANK5            0005D7-0005FF               29
        BIGRAM           000072-00007F                E
                         0005D7-0005FF               29
        CODE             000004-000007                4
                         0016E6-007FFF             691A
        COMRAM           000072-00007F                E
        CONST            000004-000007                4
                         0016E6-007FFF             691A
        EEDATA           F00000-F000FF              100
        MEDIUMCONST      0016E6-007FFF             691A
        RAM              0005D7-0005FF               29
        SFR              000F80-000FFF               80
        SMALLCONST       0016E6-007FFF              100

                                  Symbol Table

?_SRAMalloc                 cstackCOMRAM 000057
?_create_task               cstackCOMRAM 00004F
SRAMInitHeap@count          cstackCOMRAM 000051
SRAMInitHeap@pHeap          cstackCOMRAM 00004F
SRAMalloc@nBytes            cstackCOMRAM 00005F
SRAMalloc@pHeap             cstackCOMRAM 000060
SRAMalloc@segHeader         cstackCOMRAM 00005E
SRAMalloc@segLen            cstackCOMRAM 00005D
SRAMalloc@temp              cstackCOMRAM 00005B
_ADCON0                     (abs)        000FC2
_ADCON0bits                 (abs)        000FC2
_ADCON1                     (abs)        000FC1
_ADCON2                     (abs)        000FC0
_ADRESH                     (abs)        000FC4
_ADRESL                     (abs)        000FC3
_BATTERY                    dataCOMRAM   00006E
_BSR                        (abs)        000FE0
_INTCONbits                 (abs)        000FF2
_PORTC                      (abs)        000F82
_PORTDbits                  (abs)        000F83
_SRAMInitHeap               text12       0013A4
_SRAMalloc                  text7        000C6E
_STATUS                     (abs)        000FD8
_STKPTR                     (abs)        000FFC
_T0CONbits                  (abs)        000FD5
_TMR0L                      (abs)        000FD6
_TOS                        (abs)        000FFD
_TOSH                       (abs)        000FFE
_TOSL                       (abs)        000FFD
_TOSU                       (abs)        000FFF
_TRISAbits                  (abs)        000F92
_TRISBbits                  (abs)        000F93
_TRISC                      (abs)        000F94
_TRISDbits                  (abs)        000F95
_WREG                       (abs)        000FE8
__CFG_PBADEN$OFF            (abs)        000000
__CFG_WDT$OFF               (abs)        000000
__HRAM                      (abs)        000000
__Habs1                     abs1         000000
__Hbank0                    bank0        000000
__Hbank1                    bank1        000000
__Hbank2                    bank2        000000
__Hbank3                    bank3        000000
__Hbank4                    bank4        000000
__Hbank5                    bank5        000000
__Hbigbss                   bigbss       000000
__Hbigdata                  bigdata      000000
__Hbigram                   bigram       000000
__Hbss                      bss          000000
__HbssBANK0                 bssBANK0     000000
__HbssBIGRAM                bssBIGRAM    000000
__HbssCOMRAM                bssCOMRAM    000000
__Hcinit                    cinit        000000
__Hclrtext                  clrtext      000000
__Hcomram                   comram       000000
__Hconfig                   config       30000E
__Hconst                    const        000000
__HcstackCOMRAM             cstackCOMRAM 000000
__Hdata                     data         000000
__HdataCOMRAM               dataCOMRAM   000000
__Heeprom_data              eeprom_data  000000
__Hfarbss                   farbss       000000
__Hfardata                  fardata      000000
__Hibigdata                 ibigdata     000000
__Hidata                    idata        000000
__HidataCOMRAM              idataCOMRAM  000000
__Hidloc                    idloc        200008
__Hifardata                 ifardata     000000
__Hinit                     init         000014
__Hintcode                  intcode      00000C
__Hintcode_body             intcode_body 000000
__Hintcodelo                intcodelo    00000C
__Hintentry                 intentry     000000
__Hintret                   intret       000000
__Hintsave_regs             intsave_regs 000000
__Hirdata                   irdata       000000
__Hmediumconst              mediumconst  000000
__HnvFARRAM                 nvFARRAM     000000
__Hnvbit                    nvbit        000000
__Hnvrram                   nvrram       000000
__Hparam                    rparam       000000
__Hpowerup                  powerup      00000C
__Hram                      ram          000000
__Hramtop                   ramtop       000600
__Hrbit                     rbit         000000
__Hrbss                     rbss         000000
__Hrdata                    rdata        000000
__Hreset_vec                reset_vec    000004
__Hrparam                   rparam       000000
__Hsfr                      sfr          000000
__Hsmallconst               smallconst   000000
__Hspace_0                  (abs)        30000E
__Hspace_1                  (abs)        0005D7
__Hspace_2                  (abs)        000600
__Hstack                    stack        000600
__Hstruct                   struct       000000
__Htemp                     temp         00006E
__Htext                     text         000000
__Htext0                    text0        000000
__Htext1                    text1        000000
__Htext10                   text10       000000
__Htext11                   text11       000000
__Htext12                   text12       000000
__Htext13                   text13       000000
__Htext14                   text14       000000
__Htext15                   text15       000000
__Htext16                   text16       000000
__Htext17                   text17       000000
__Htext18                   text18       000000
__Htext19                   text19       000000
__Htext2                    text2        000000
__Htext20                   text20       000000
__Htext21                   text21       000000
__Htext22                   text22       000000
__Htext23                   text23       000000
__Htext24                   text24       000000
__Htext25                   text25       000000
__Htext26                   text26       000000
__Htext3                    text3        000000
__Htext4                    text4        000000
__Htext5                    text5        000000
__Htext6                    text6        000000
__Htext7                    text7        000000
__Htext8                    text8        000000
__Htext9                    text9        000000
__LRAM                      (abs)        000001
__Labs1                     abs1         000000
__Lbank0                    bank0        000000
__Lbank1                    bank1        000000
__Lbank2                    bank2        000000
__Lbank3                    bank3        000000
__Lbank4                    bank4        000000
__Lbank5                    bank5        000000
__Lbigbss                   bigbss       000000
__Lbigdata                  bigdata      000000
__Lbigram                   bigram       000000
__Lbss                      bss          000000
__LbssBANK0                 bssBANK0     000000
__LbssBIGRAM                bssBIGRAM    000000
__LbssCOMRAM                bssCOMRAM    000000
__Lcinit                    cinit        000000
__Lclrtext                  clrtext      000000
__Lcomram                   comram       000000
__Lconfig                   config       300000
__Lconst                    const        000000
__LcstackCOMRAM             cstackCOMRAM 000000
__Ldata                     data         000000
__LdataCOMRAM               dataCOMRAM   000000
__Leeprom_data              eeprom_data  000000
__Lfarbss                   farbss       000000
__Lfardata                  fardata      000000
__Libigdata                 ibigdata     000000
__Lidata                    idata        000000
__LidataCOMRAM              idataCOMRAM  000000
__Lidloc                    idloc        200000
__Lifardata                 ifardata     000000
__Linit                     init         00000C
__Lintcode                  intcode      000008
__Lintcode_body             intcode_body 000000
__Lintcodelo                intcodelo    00000C
__Lintentry                 intentry     000000
__Lintret                   intret       000000
__Lintsave_regs             intsave_regs 000000
__Lirdata                   irdata       000000
__Lmediumconst              mediumconst  000000
__LnvFARRAM                 nvFARRAM     000000
__Lnvbit                    nvbit        000000
__Lnvrram                   nvrram       000000
__Lparam                    rparam       000000
__Lpowerup                  powerup      00000C
__Lram                      ram          000000
__Lramtop                   ramtop       000600
__Lrbit                     rbit         000000
__Lrbss                     rbss         000000
__Lrdata                    rdata        000000
__Lreset_vec                reset_vec    000000
__Lrparam                   rparam       000000
__Lsfr                      sfr          000000
__Lsmallconst               smallconst   000000
__Lspace_0                  (abs)        000000
__Lspace_1                  (abs)        000000
__Lspace_2                  (abs)        000000
__Lstack                    stack        0005D7
__Lstruct                   struct       000000
__Ltemp                     temp         000062
__Ltext                     text         000000
__Ltext0                    text0        000000
__Ltext1                    text1        000000
__Ltext10                   text10       000000
__Ltext11                   text11       000000
__Ltext12                   text12       000000
__Ltext13                   text13       000000
__Ltext14                   text14       000000
__Ltext15                   text15       000000
__Ltext16                   text16       000000
__Ltext17                   text17       000000
__Ltext18                   text18       000000
__Ltext19                   text19       000000
__Ltext2                    text2        000000
__Ltext20                   text20       000000
__Ltext21                   text21       000000
__Ltext22                   text22       000000
__Ltext23                   text23       000000
__Ltext24                   text24       000000
__Ltext25                   text25       000000
__Ltext26                   text26       000000
__Ltext3                    text3        000000
__Ltext4                    text4        000000
__Ltext5                    text5        000000
__Ltext6                    text6        000000
__Ltext7                    text7        000000
__Ltext8                    text8        000000
__Ltext9                    text9        000000
__S0                        (abs)        30000E
__S1                        (abs)        0005D7
__S2                        (abs)        000600
__SRAMmerge                 text8        000F90
__SRAMmerge@pSegA           cstackCOMRAM 00004F
__SRAMmerge@pSegB           cstackCOMRAM 000052
__SRAMmerge@uSegA           cstackCOMRAM 000055
__SRAMmerge@uSegB           cstackCOMRAM 000056
__SRAMmerge@uSum            cstackCOMRAM 000054
___awdiv                    text16       0006E2
___awmod                    text21       000B24
___inthi_sp                 stack        0005E6
___intlo_sp                 stack        0005F3
___param_bank               (abs)        000000
___rparam_used              (abs)        000001
___sp                       stack        0005D7
___wmul                     text10       00130E
__accesstop                 (abs)        000080
__activetblptr              (abs)        000002
__end_of_SRAMInitHeap       text12       00140A
__end_of_SRAMalloc          text7        000D8C
__end_of__SRAMmerge         text8        001068
__end_of___awdiv            text16       00085E
__end_of___awmod            text21       000C6E
__end_of___wmul             text10       0013A4
__end_of__initialization    cinit        0014B8
__end_of_conf_timer0        text11       0016D0
__end_of_create_task        text9        0009D6
__end_of_dispatcher         text19       000544
__end_of_main               text0        000E9A
__end_of_os_config          text2        001666
__end_of_pipe_create        text6        001514
__end_of_rr_scheduler       text20       00130E
__end_of_sem_create         text5        001628
__end_of_sem_post           text18       000B24
__end_of_sem_wait           text17       000F90
__end_of_seven_seg_init     text4        0016DA
__end_of_seven_seg_set      text14       001122
__end_of_start_OS           text1        0016E2
__end_of_task_disp          text13       0016BE
__end_of_task_dois          text23       00155C
__end_of_task_idle          text26       001694
__end_of_task_m1            text24       00146C
__end_of_task_m2            text25       0015A2
__end_of_task_um            text22       0015E6
__end_of_timer_zero_int     intcode_body 0011D6
__end_of_update_ports       text15       0006E2
__end_of_user_tasks_config  text3        001274
__initialization            cinit        00146C
__mediumconst               mediumconst  000000
__pbssBANK0                 bssBANK0     000080
__pbssBIGRAM                bssBIGRAM    0000BC
__pbssCOMRAM                bssCOMRAM    000001
__pcinit                    cinit        00146C
__pcstackCOMRAM             cstackCOMRAM 000041
__pdataCOMRAM               dataCOMRAM   00006E
__pidataCOMRAM              idataCOMRAM  0016E2
__pintcode                  intcode      000008
__pintcode_body             intcode_body 001122
__ptext0                    text0        000D8C
__ptext1                    text1        0016DA
__ptext10                   text10       00130E
__ptext11                   text11       0016BE
__ptext12                   text12       0013A4
__ptext13                   text13       001694
__ptext14                   text14       001068
__ptext15                   text15       000544
__ptext16                   text16       0006E2
__ptext17                   text17       000E9A
__ptext18                   text18       0009D6
__ptext19                   text19       000014
__ptext2                    text2        001628
__ptext20                   text20       001274
__ptext21                   text21       000B24
__ptext22                   text22       0015A2
__ptext23                   text23       001514
__ptext24                   text24       00140A
__ptext25                   text25       00155C
__ptext26                   text26       001666
__ptext3                    text3        0011D6
__ptext4                    text4        0016D0
__ptext5                    text5        0015E6
__ptext6                    text6        0014C2
__ptext7                    text7        000C6E
__ptext8                    text8        000F90
__ptext9                    text9        00085E
__ramtop                    ramtop       000600
__size_of_SRAMInitHeap      (abs)        000000
__size_of_SRAMalloc         (abs)        000000
__size_of__SRAMmerge        (abs)        000000
__size_of___awdiv           (abs)        000000
__size_of___awmod           (abs)        000000
__size_of___wmul            (abs)        000000
__size_of_conf_timer0       (abs)        000000
__size_of_create_task       (abs)        000000
__size_of_dispatcher        (abs)        000000
__size_of_main              (abs)        000000
__size_of_os_config         (abs)        000000
__size_of_pipe_create       (abs)        000000
__size_of_rr_scheduler      (abs)        000000
__size_of_sem_create        (abs)        000000
__size_of_sem_post          (abs)        000000
__size_of_sem_wait          (abs)        000000
__size_of_seven_seg_init    (abs)        000000
__size_of_seven_seg_set     (abs)        000000
__size_of_start_OS          (abs)        000000
__size_of_task_disp         (abs)        000000
__size_of_task_dois         (abs)        000000
__size_of_task_idle         (abs)        000000
__size_of_task_m1           (abs)        000000
__size_of_task_m2           (abs)        000000
__size_of_task_um           (abs)        000000
__size_of_timer_zero_int    (abs)        000000
__size_of_update_ports      (abs)        000000
__size_of_user_tasks_config (abs)        000000
__smallconst                smallconst   000000
__uDynamicHeap              bssBIGRAM    0003D7
_buffer                     bssCOMRAM    000001
_conf_timer0                text11       0016BE
_create_task                text9        00085E
_dispatcher                 text19       000014
_f_aptos                    bssBIGRAM    0000BC
_main                       text0        000D8C
_msg1                       bssCOMRAM    000037
_msg2                       bssCOMRAM    00002D
_os_config                  text2        001628
_pipe_create                text6        0014C2
_quantum                    dataCOMRAM   000070
_rr_scheduler               text20       001274
_sem1                       bssCOMRAM    000019
_sem2                       bssCOMRAM    000005
_sem3                       bssBANK0     0000A8
_sem4                       bssBANK0     000094
_sem5                       bssBANK0     000080
_sem_create                 text5        0015E6
_sem_post                   text18       0009D6
_sem_wait                   text17       000E9A
_seven_seg_init             text4        0016D0
_seven_seg_set              text14       001068
_stack_size                 bssCOMRAM    000003
_start_OS                   text1        0016DA
_task_disp                  text13       001694
_task_dois                  text23       001514
_task_idle                  text26       001666
_task_m1                    text24       00140A
_task_m2                    text25       00155C
_task_um                    text22       0015A2
_timer_zero_int             intcode      000008
_update_ports               text15       000544
_user_tasks_config          text3        0011D6
btemp                       temp         000062
create_task@f               cstackCOMRAM 000053
create_task@id              cstackCOMRAM 00004F
create_task@prior           cstackCOMRAM 000051
end_of_initialization       cinit        0014B8
int_func                    intcode_body 001122
intlevel0                   text         000000
intlevel1                   text         000000
intlevel2                   text         000000
intlevel3                   text         000000
lltemp0                     temp         000062
ltemp0                      temp         000062
ltemp1                      temp         000066
ltemp2                      temp         00006A
pipe_create@p               cstackCOMRAM 00004F
sem_create@init_value       cstackCOMRAM 000051
sem_create@sem              cstackCOMRAM 00004F
stackhi                     (abs)        0005FF
stacklo                     (abs)        0005D7
start                       init         00000C
start_initialization        cinit        00146C
ttemp0                      temp         000062
ttemp1                      temp         000065
ttemp2                      temp         000068
ttemp3                      temp         00006B
ttemp5                      temp         000063
ttemp6                      temp         000066
ttemp7                      temp         00006A
wtemp0                      temp         000062
wtemp1                      temp         000064
wtemp2                      temp         000066
wtemp3                      temp         000068
wtemp4                      temp         00006A
wtemp5                      temp         00006C
wtemp8                      temp         000063


FUNCTION INFORMATION:

 *************** function _main *****************
 Defined at:
		line 20 in file "main.c"
 Parameters:    Size  Location     Type
		None
 Auto vars:     Size  Location     Type
		None
 Return value:  Size  Location     Type
                  2   24[None  ] int 
 Registers used:
		wreg, fsr1l, fsr1h, fsr2l, fsr2h, status,2, status,0, btemp, btemp+1, btemp+11, prodl, prodh, cstack
 Tracked objects:
		On entry : 
		On exit  : 
		Unchanged: 
 Data sizes:     COMRAM   BANK0   BANK1   BANK2   BANK3   BANK4   BANK5
      Params:         0       0       0       0       0       0       0
      Locals:         0       0       0       0       0       0       0
      Temps:          0       0       0       0       0       0       0
      Totals:         0       0       0       0       0       0       0
Total ram usage:        0 bytes
 Hardware stack levels required when called:   13
 This function calls:
		_SRAMInitHeap
		_create_task
		_os_config
		_start_OS
 This function is called by:
		Startup code after reset
 This function uses a non-reentrant model


 *************** function _start_OS *****************
 Defined at:
		line 105 in file "kernel.c"
 Parameters:    Size  Location     Type
		None
 Auto vars:     Size  Location     Type
		None
 Return value:  Size  Location     Type
                  1    wreg      void 
 Registers used:
		None
 Tracked objects:
		On entry : 
		On exit  : 
		Unchanged: 
 Data sizes:     COMRAM   BANK0   BANK1   BANK2   BANK3   BANK4   BANK5
      Params:         0       0       0       0       0       0       0
      Locals:         0       0       0       0       0       0       0
      Temps:          0       0       0       0       0       0       0
      Totals:         0       0       0       0       0       0       0
Total ram usage:        0 bytes
 Hardware stack levels used:    1
 Hardware stack levels required when called:    9
 This function calls:
		Nothing
 This function is called by:
		_main
 This function uses a non-reentrant model


 *************** function _os_config *****************
 Defined at:
		line 92 in file "kernel.c"
 Parameters:    Size  Location     Type
		None
 Auto vars:     Size  Location     Type
		None
 Return value:  Size  Location     Type
                  1    wreg      void 
 Registers used:
		wreg, fsr1l, fsr1h, fsr2l, fsr2h, status,2, status,0, btemp, btemp+1, btemp+11, prodl, prodh, cstack
 Tracked objects:
		On entry : 
		On exit  : 
		Unchanged: 
 Data sizes:     COMRAM   BANK0   BANK1   BANK2   BANK3   BANK4   BANK5
      Params:         0       0       0       0       0       0       0
      Locals:         0       0       0       0       0       0       0
      Temps:          0       0       0       0       0       0       0
      Totals:         0       0       0       0       0       0       0
Total ram usage:        0 bytes
 Hardware stack levels used:    1
 Hardware stack levels required when called:   12
 This function calls:
		_conf_timer0
		_create_task
		_user_tasks_config
 This function is called by:
		_main
 This function uses a non-reentrant model


 *************** function _user_tasks_config *****************
 Defined at:
		line 24 in file "user_tasks.c"
 Parameters:    Size  Location     Type
		None
 Auto vars:     Size  Location     Type
		None
 Return value:  Size  Location     Type
                  1    wreg      void 
 Registers used:
		wreg, fsr2l, fsr2h, status,2, status,0, prodl, prodh, cstack
 Tracked objects:
		On entry : 
		On exit  : 
		Unchanged: 
 Data sizes:     COMRAM   BANK0   BANK1   BANK2   BANK3   BANK4   BANK5
      Params:         0       0       0       0       0       0       0
      Locals:         0       0       0       0       0       0       0
      Temps:          0       0       0       0       0       0       0
      Totals:         0       0       0       0       0       0       0
Total ram usage:        0 bytes
 Hardware stack levels used:    1
 Hardware stack levels required when called:   11
 This function calls:
		_SRAMalloc
		_pipe_create
		_sem_create
		_seven_seg_init
 This function is called by:
		_os_config
 This function uses a non-reentrant model


 *************** function _seven_seg_init *****************
 Defined at:
		line 9 in file "seven_seg.c"
 Parameters:    Size  Location     Type
		None
 Auto vars:     Size  Location     Type
		None
 Return value:  Size  Location     Type
                  1    wreg      void 
 Registers used:
		wreg, status,2
 Tracked objects:
		On entry : 
		On exit  : 
		Unchanged: 
 Data sizes:     COMRAM   BANK0   BANK1   BANK2   BANK3   BANK4   BANK5
      Params:         0       0       0       0       0       0       0
      Locals:         0       0       0       0       0       0       0
      Temps:          0       0       0       0       0       0       0
      Totals:         0       0       0       0       0       0       0
Total ram usage:        0 bytes
 Hardware stack levels used:    1
 Hardware stack levels required when called:    9
 This function calls:
		Nothing
 This function is called by:
		_user_tasks_config
 This function uses a non-reentrant model


 *************** function _sem_create *****************
 Defined at:
		line 10 in file "semaphore.c"
 Parameters:    Size  Location     Type
  sem             2   14[COMRAM] PTR struct sem
		 -> sem4(20), sem3(20), sem2(20), sem1(20), 
  init_value      2   16[COMRAM] int 
 Auto vars:     Size  Location     Type
		None
 Return value:  Size  Location     Type
                  1    wreg      void 
 Registers used:
		wreg, fsr2l, fsr2h, status,2, status,0
 Tracked objects:
		On entry : 
		On exit  : 
		Unchanged: 
 Data sizes:     COMRAM   BANK0   BANK1   BANK2   BANK3   BANK4   BANK5
      Params:         4       0       0       0       0       0       0
      Locals:         0       0       0       0       0       0       0
      Temps:          0       0       0       0       0       0       0
      Totals:         4       0       0       0       0       0       0
Total ram usage:        4 bytes
 Hardware stack levels used:    1
 Hardware stack levels required when called:    9
 This function calls:
		Nothing
 This function is called by:
		_user_tasks_config
 This function uses a non-reentrant model


 *************** function _pipe_create *****************
 Defined at:
		line 9 in file "pipe.c"
 Parameters:    Size  Location     Type
  p               2   14[COMRAM] PTR struct pipe
		 -> msg2(10), msg1(10), 
 Auto vars:     Size  Location     Type
		None
 Return value:  Size  Location     Type
                  1    wreg      void 
 Registers used:
		wreg, fsr2l, fsr2h, status,2, status,0
 Tracked objects:
		On entry : 
		On exit  : 
		Unchanged: 
 Data sizes:     COMRAM   BANK0   BANK1   BANK2   BANK3   BANK4   BANK5
      Params:         2       0       0       0       0       0       0
      Locals:         0       0       0       0       0       0       0
      Temps:          0       0       0       0       0       0       0
      Totals:         2       0       0       0       0       0       0
Total ram usage:        2 bytes
 Hardware stack levels used:    1
 Hardware stack levels required when called:    9
 This function calls:
		Nothing
 This function is called by:
		_user_tasks_config
 This function uses a non-reentrant model


 *************** function _SRAMalloc *****************
 Defined at:
		line 191 in file "sralloc.c"
 Parameters:    Size  Location     Type
  nBytes          1    wreg     unsigned char 
 Auto vars:     Size  Location     Type
  nBytes          1   30[COMRAM] unsigned char 
  pHeap           2   31[COMRAM] PTR struct _SALLOC
		 -> _uDynamicHeap(512), 
  temp            2   26[COMRAM] PTR struct _SALLOC
		 -> _uDynamicHeap(512), 
  segHeader       1   29[COMRAM] struct _SALLOC
  segLen          1   28[COMRAM] unsigned char 
 Return value:  Size  Location     Type
                  2   22[COMRAM] PTR unsigned char 
 Registers used:
		wreg, fsr2l, fsr2h, status,2, status,0, prodl, prodh, cstack
 Tracked objects:
		On entry : 
		On exit  : 
		Unchanged: 
 Data sizes:     COMRAM   BANK0   BANK1   BANK2   BANK3   BANK4   BANK5
      Params:         2       0       0       0       0       0       0
      Locals:         7       0       0       0       0       0       0
      Temps:          2       0       0       0       0       0       0
      Totals:        11       0       0       0       0       0       0
Total ram usage:       11 bytes
 Hardware stack levels used:    1
 Hardware stack levels required when called:   10
 This function calls:
		__SRAMmerge
 This function is called by:
		_user_tasks_config
 This function uses a non-reentrant model


 *************** function __SRAMmerge *****************
 Defined at:
		line 359 in file "sralloc.c"
 Parameters:    Size  Location     Type
  pSegA           2   14[COMRAM] PTR struct _SALLOC
		 -> _uDynamicHeap(512), 
 Auto vars:     Size  Location     Type
  pSegB           2   17[COMRAM] PTR struct _SALLOC
		 -> _uDynamicHeap(512), 
  uSegB           1   21[COMRAM] struct _SALLOC
  uSegA           1   20[COMRAM] struct _SALLOC
  uSum            1   19[COMRAM] struct _SALLOC
 Return value:  Size  Location     Type
                  1    wreg      unsigned char 
 Registers used:
		wreg, fsr2l, fsr2h, status,2, status,0, prodl, prodh
 Tracked objects:
		On entry : 
		On exit  : 
		Unchanged: 
 Data sizes:     COMRAM   BANK0   BANK1   BANK2   BANK3   BANK4   BANK5
      Params:         2       0       0       0       0       0       0
      Locals:         5       0       0       0       0       0       0
      Temps:          1       0       0       0       0       0       0
      Totals:         8       0       0       0       0       0       0
Total ram usage:        8 bytes
 Hardware stack levels used:    1
 Hardware stack levels required when called:    9
 This function calls:
		Nothing
 This function is called by:
		_SRAMalloc
 This function uses a non-reentrant model


 *************** function _create_task *****************
 Defined at:
		line 14 in file "kernel.c"
 Parameters:    Size  Location     Type
  id              2   14[COMRAM] unsigned int 
  prior           2   16[COMRAM] unsigned int 
  f               2   18[COMRAM] PTR FTN()void 
		 -> task_idle(1), task_m2(1), task_m1(1), task_dois(1), 
		 -> task_um(1), task_disp(1), 
 Auto vars:     Size  Location     Type
		None
 Return value:  Size  Location     Type
                  2   14[COMRAM] unsigned int 
 Registers used:
		wreg, fsr1l, fsr1h, fsr2l, fsr2h, status,2, status,0, btemp, btemp+1, btemp+11, prodl, prodh
 Tracked objects:
		On entry : 
		On exit  : 
		Unchanged: 
 Data sizes:     COMRAM   BANK0   BANK1   BANK2   BANK3   BANK4   BANK5
      Params:         6       0       0       0       0       0       0
      Locals:         0       0       0       0       0       0       0
      Temps:          2       0       0       0       0       0       0
      Totals:         8       0       0       0       0       0       0
Total ram usage:        8 bytes
 Hardware stack levels used:    1
 Hardware stack levels required when called:   10
 This function calls:
		___wmul
 This function is called by:
		_main
		_os_config
 This function uses a non-reentrant model


 *************** function ___wmul *****************
 Defined at:
		line 15 in file "C:\Program Files (x86)\Microchip\xc8\v2.10\pic\sources\c90\common\Umul16.c"
 Parameters:    Size  Location     Type
  multiplier      2  [STACK] unsigned int 
  multiplicand    2  [STACK] unsigned int 
 Auto vars:     Size  Location     Type
  product         2  [STACK] unsigned int 
 Return value:  Size  Location     Type
                  2  [STACK] unsigned int 
 Registers used:
		wreg, fsr1l, fsr1h, fsr2l, fsr2h, status,2, status,0, btemp, btemp+1, btemp+11, prodl, prodh
 Tracked objects:
		On entry : 
		On exit  : 
		Unchanged: 
 Data sizes:     COMRAM   BANK0   BANK1   BANK2   BANK3   BANK4   BANK5
      Params:         0       0       0       0       0       0       0
      Locals:         0       0       0       0       0       0       0
      Temps:          0       0       0       0       0       0       0
      Totals:         0       0       0       0       0       0       0
Total ram usage:        0 bytes
 Hardware stack levels used:    1
 Hardware stack levels required when called:    9
 This function calls:
		Nothing
 This function is called by:
		_create_task
		_get_tid
		_delay_os
		_rr_scheduler_1
		_prior_scheduler
		_f_save_context
		_f_restore_context
		_delay_decrement
		_pipe_read
		_pipe_write
 This function uses a reentrant model


 *************** function _conf_timer0 *****************
 Defined at:
		line 12 in file "timer_0.c"
 Parameters:    Size  Location     Type
		None
 Auto vars:     Size  Location     Type
		None
 Return value:  Size  Location     Type
                  1    wreg      void 
 Registers used:
		wreg, status,2
 Tracked objects:
		On entry : 
		On exit  : 
		Unchanged: 
 Data sizes:     COMRAM   BANK0   BANK1   BANK2   BANK3   BANK4   BANK5
      Params:         0       0       0       0       0       0       0
      Locals:         0       0       0       0       0       0       0
      Temps:          0       0       0       0       0       0       0
      Totals:         0       0       0       0       0       0       0
Total ram usage:        0 bytes
 Hardware stack levels used:    1
 Hardware stack levels required when called:    9
 This function calls:
		Nothing
 This function is called by:
		_os_config
 This function uses a non-reentrant model


 *************** function _SRAMInitHeap *****************
 Defined at:
		line 313 in file "sralloc.c"
 Parameters:    Size  Location     Type
		None
 Auto vars:     Size  Location     Type
  count           2   16[COMRAM] unsigned int 
  pHeap           2   14[COMRAM] PTR unsigned char 
		 -> _uDynamicHeap(512), 
 Return value:  Size  Location     Type
                  1    wreg      void 
 Registers used:
		wreg, fsr2l, fsr2h, status,2, status,0
 Tracked objects:
		On entry : 
		On exit  : 
		Unchanged: 
 Data sizes:     COMRAM   BANK0   BANK1   BANK2   BANK3   BANK4   BANK5
      Params:         0       0       0       0       0       0       0
      Locals:         4       0       0       0       0       0       0
      Temps:          0       0       0       0       0       0       0
      Totals:         4       0       0       0       0       0       0
Total ram usage:        4 bytes
 Hardware stack levels used:    1
 Hardware stack levels required when called:    9
 This function calls:
		Nothing
 This function is called by:
		_main
 This function uses a non-reentrant model


 *************** function _task_disp *****************
 Defined at:
		line 90 in file "user_tasks.c"
 Parameters:    Size  Location     Type
		None
 Auto vars:     Size  Location     Type
		None
 Return value:  Size  Location     Type
                  1  [STACK] void 
 Registers used:
		wreg, fsr0l, fsr0h, fsr1l, fsr1h, fsr2l, fsr2h, status,2, status,0, btemp, btemp+1, btemp+6, btemp+7, btemp+8, btemp+9, btemp+10, btemp+11, prodl, prodh
 Tracked objects:
		On entry : 
		On exit  : 
		Unchanged: 
 Data sizes:     COMRAM   BANK0   BANK1   BANK2   BANK3   BANK4   BANK5
      Params:         0       0       0       0       0       0       0
      Locals:         0       0       0       0       0       0       0
      Temps:          0       0       0       0       0       0       0
      Totals:         0       0       0       0       0       0       0
Total ram usage:        0 bytes
 Hardware stack levels used:    1
 Hardware stack levels required when called:    8
 This function calls:
		_sem_post
		_sem_wait
		_seven_seg_set
 This function is called by:
		_main
 This function uses a reentrant model


 *************** function _seven_seg_set *****************
 Defined at:
		line 47 in file "seven_seg.c"
 Parameters:    Size  Location     Type
  number          2  [STACK] int 
 Auto vars:     Size  Location     Type
  first           2  [STACK] int 
  last            2  [STACK] int 
 Return value:  Size  Location     Type
                  1  [STACK] void 
 Registers used:
		wreg, fsr1l, fsr1h, status,2, status,0, btemp, btemp+1, btemp+8, btemp+9, btemp+10, btemp+11, prodl
 Tracked objects:
		On entry : 
		On exit  : 
		Unchanged: 
 Data sizes:     COMRAM   BANK0   BANK1   BANK2   BANK3   BANK4   BANK5
      Params:         0       0       0       0       0       0       0
      Locals:         0       0       0       0       0       0       0
      Temps:          0       0       0       0       0       0       0
      Totals:         0       0       0       0       0       0       0
Total ram usage:        0 bytes
 Hardware stack levels used:    1
 Hardware stack levels required when called:    5
 This function calls:
		___awdiv
		___awmod
		_update_ports
 This function is called by:
		_task_disp
 This function uses a reentrant model


 *************** function _update_ports *****************
 Defined at:
		line 15 in file "seven_seg.c"
 Parameters:    Size  Location     Type
  number          2  [STACK] int 
  display         2  [STACK] int 
 Auto vars:     Size  Location     Type
		None
 Return value:  Size  Location     Type
                  1  [STACK] void 
 Registers used:
		wreg, fsr1l, fsr1h, status,2, status,0, btemp, btemp+10, btemp+11, prodl
 Tracked objects:
		On entry : 
		On exit  : 
		Unchanged: 
 Data sizes:     COMRAM   BANK0   BANK1   BANK2   BANK3   BANK4   BANK5
      Params:         0       0       0       0       0       0       0
      Locals:         0       0       0       0       0       0       0
      Temps:          0       0       0       0       0       0       0
      Totals:         0       0       0       0       0       0       0
Total ram usage:        0 bytes
 Hardware stack levels used:    1
 Hardware stack levels required when called:    4
 This function calls:
		Nothing
 This function is called by:
		_seven_seg_set
 This function uses a reentrant model


 *************** function ___awdiv *****************
 Defined at:
		line 7 in file "C:\Program Files (x86)\Microchip\xc8\v2.10\pic\sources\c90\common\awdiv.c"
 Parameters:    Size  Location     Type
  dividend        2  [STACK] int 
  divisor         2  [STACK] int 
 Auto vars:     Size  Location     Type
  quotient        2  [STACK] int 
  sign            1  [STACK] unsigned char 
  counter         1  [STACK] unsigned char 
 Return value:  Size  Location     Type
                  2  [STACK] int 
 Registers used:
		wreg, fsr1l, fsr1h, status,2, status,0, btemp, btemp+1, btemp+8, btemp+9, btemp+10, btemp+11, prodl
 Tracked objects:
		On entry : 
		On exit  : 
		Unchanged: 
 Data sizes:     COMRAM   BANK0   BANK1   BANK2   BANK3   BANK4   BANK5
      Params:         0       0       0       0       0       0       0
      Locals:         0       0       0       0       0       0       0
      Temps:          0       0       0       0       0       0       0
      Totals:         0       0       0       0       0       0       0
Total ram usage:        0 bytes
 Hardware stack levels used:    1
 Hardware stack levels required when called:    4
 This function calls:
		Nothing
 This function is called by:
		_seven_seg_set
 This function uses a reentrant model


 *************** function _sem_wait *****************
 Defined at:
		line 21 in file "semaphore.c"
 Parameters:    Size  Location     Type
  sem             2  [STACK] PTR struct sem
		 -> sem5(20), sem4(20), sem3(20), sem2(20), 
		 -> sem1(20), 
 Auto vars:     Size  Location     Type
		None
 Return value:  Size  Location     Type
                  1  [STACK] void 
 Registers used:
		wreg, fsr0l, fsr0h, fsr1l, fsr1h, fsr2l, fsr2h, status,2, status,0, btemp, btemp+1, btemp+6, btemp+7, btemp+8, btemp+9, btemp+10, btemp+11, prodl, prodh
 Tracked objects:
		On entry : 
		On exit  : 
		Unchanged: 
 Data sizes:     COMRAM   BANK0   BANK1   BANK2   BANK3   BANK4   BANK5
      Params:         0       0       0       0       0       0       0
      Locals:         0       0       0       0       0       0       0
      Temps:          0       0       0       0       0       0       0
      Totals:         0       0       0       0       0       0       0
Total ram usage:        0 bytes
 Hardware stack levels used:    1
 Hardware stack levels required when called:    7
 This function calls:
		_dispatcher
 This function is called by:
		_task_um
		_task_dois
		_task_disp
		_task_m1
		_task_m2
 This function uses a reentrant model


 *************** function _sem_post *****************
 Defined at:
		line 36 in file "semaphore.c"
 Parameters:    Size  Location     Type
  sem             2  [STACK] PTR struct sem
		 -> sem5(20), sem4(20), sem3(20), sem2(20), 
		 -> sem1(20), 
 Auto vars:     Size  Location     Type
		None
 Return value:  Size  Location     Type
                  1  [STACK] void 
 Registers used:
		wreg, fsr1l, fsr1h, fsr2l, fsr2h, status,2, status,0, btemp, btemp+1, btemp+6, btemp+7, btemp+8, btemp+9, btemp+10, btemp+11, prodl, prodh
 Tracked objects:
		On entry : 
		On exit  : 
		Unchanged: 
 Data sizes:     COMRAM   BANK0   BANK1   BANK2   BANK3   BANK4   BANK5
      Params:         0       0       0       0       0       0       0
      Locals:         0       0       0       0       0       0       0
      Temps:          0       0       0       0       0       0       0
      Totals:         0       0       0       0       0       0       0
Total ram usage:        0 bytes
 Hardware stack levels used:    1
 Hardware stack levels required when called:    7
 This function calls:
		___awmod
		_dispatcher
 This function is called by:
		_task_um
		_task_dois
		_task_disp
		_task_m1
		_task_m2
 This function uses a reentrant model


 *************** function _dispatcher *****************
 Defined at:
		line 119 in file "kernel.c"
 Parameters:    Size  Location     Type
  state           1  [STACK] enum E2393
 Auto vars:     Size  Location     Type
		None
 Return value:  Size  Location     Type
                  1  [STACK] void 
 Registers used:
		wreg, fsr1l, fsr1h, fsr2l, fsr2h, status,2, status,0, btemp, btemp+1, btemp+6, btemp+7, btemp+8, btemp+9, btemp+10, btemp+11, prodl, prodh
 Tracked objects:
		On entry : 
		On exit  : 
		Unchanged: 
 Data sizes:     COMRAM   BANK0   BANK1   BANK2   BANK3   BANK4   BANK5
      Params:         0       0       0       0       0       0       0
      Locals:         0       0       0       0       0       0       0
      Temps:          0       0       0       0       0       0       0
      Totals:         0       0       0       0       0       0       0
Total ram usage:        0 bytes
 Hardware stack levels used:    1
 Hardware stack levels required when called:    6
 This function calls:
		_rr_scheduler
 This function is called by:
		_timer_zero_int
		_sem_wait
		_sem_post
		_delay_os
		_pipe_read
		_pipe_write
 This function uses a reentrant model


 *************** function _rr_scheduler *****************
 Defined at:
		line 47 in file "kernel.c"
 Parameters:    Size  Location     Type
		None
 Auto vars:     Size  Location     Type
  next_task       2  [STACK] short 
 Return value:  Size  Location     Type
                  2  [STACK] short 
 Registers used:
		wreg, fsr1l, fsr1h, fsr2l, fsr2h, status,2, status,0, btemp, btemp+1, btemp+8, btemp+9, btemp+10, btemp+11, prodl, prodh
 Tracked objects:
		On entry : 
		On exit  : 
		Unchanged: 
 Data sizes:     COMRAM   BANK0   BANK1   BANK2   BANK3   BANK4   BANK5
      Params:         0       0       0       0       0       0       0
      Locals:         0       0       0       0       0       0       0
      Temps:          0       0       0       0       0       0       0
      Totals:         0       0       0       0       0       0       0
Total ram usage:        0 bytes
 Hardware stack levels used:    1
 Hardware stack levels required when called:    5
 This function calls:
		___awmod
 This function is called by:
		_dispatcher
 This function uses a reentrant model


 *************** function ___awmod *****************
 Defined at:
		line 7 in file "C:\Program Files (x86)\Microchip\xc8\v2.10\pic\sources\c90\common\awmod.c"
 Parameters:    Size  Location     Type
  dividend        2  [STACK] int 
  divisor         2  [STACK] int 
 Auto vars:     Size  Location     Type
  sign            1  [STACK] unsigned char 
  counter         1  [STACK] unsigned char 
 Return value:  Size  Location     Type
                  2  [STACK] int 
 Registers used:
		wreg, fsr1l, fsr1h, status,2, status,0, btemp, btemp+1, btemp+8, btemp+9, btemp+10, btemp+11, prodl
 Tracked objects:
		On entry : 
		On exit  : 
		Unchanged: 
 Data sizes:     COMRAM   BANK0   BANK1   BANK2   BANK3   BANK4   BANK5
      Params:         0       0       0       0       0       0       0
      Locals:         0       0       0       0       0       0       0
      Temps:          0       0       0       0       0       0       0
      Totals:         0       0       0       0       0       0       0
Total ram usage:        0 bytes
 Hardware stack levels used:    1
 Hardware stack levels required when called:    4
 This function calls:
		Nothing
 This function is called by:
		_rr_scheduler
		_sem_post
		_seven_seg_set
 This function uses a reentrant model


 *************** function _task_um *****************
 Defined at:
		line 66 in file "user_tasks.c"
 Parameters:    Size  Location     Type
		None
 Auto vars:     Size  Location     Type
  i               2    0        int 
 Return value:  Size  Location     Type
                  1  [STACK] void 
 Registers used:
		wreg, fsr0l, fsr0h, fsr1l, fsr1h, fsr2l, fsr2h, status,2, status,0, btemp, btemp+1, btemp+6, btemp+7, btemp+8, btemp+9, btemp+10, btemp+11, prodl, prodh
 Tracked objects:
		On entry : 
		On exit  : 
		Unchanged: 
 Data sizes:     COMRAM   BANK0   BANK1   BANK2   BANK3   BANK4   BANK5
      Params:         0       0       0       0       0       0       0
      Locals:         0       0       0       0       0       0       0
      Temps:          0       0       0       0       0       0       0
      Totals:         0       0       0       0       0       0       0
Total ram usage:        0 bytes
 Hardware stack levels used:    1
 Hardware stack levels required when called:    8
 This function calls:
		_sem_post
		_sem_wait
 This function is called by:
		_main
 This function uses a reentrant model


 *************** function _task_dois *****************
 Defined at:
		line 78 in file "user_tasks.c"
 Parameters:    Size  Location     Type
		None
 Auto vars:     Size  Location     Type
  i               2    0        int 
 Return value:  Size  Location     Type
                  1  [STACK] void 
 Registers used:
		wreg, fsr0l, fsr0h, fsr1l, fsr1h, fsr2l, fsr2h, status,2, status,0, btemp, btemp+1, btemp+6, btemp+7, btemp+8, btemp+9, btemp+10, btemp+11, prodl, prodh
 Tracked objects:
		On entry : 
		On exit  : 
		Unchanged: 
 Data sizes:     COMRAM   BANK0   BANK1   BANK2   BANK3   BANK4   BANK5
      Params:         0       0       0       0       0       0       0
      Locals:         0       0       0       0       0       0       0
      Temps:          0       0       0       0       0       0       0
      Totals:         0       0       0       0       0       0       0
Total ram usage:        0 bytes
 Hardware stack levels used:    1
 Hardware stack levels required when called:    8
 This function calls:
		_sem_post
		_sem_wait
 This function is called by:
		_main
 This function uses a reentrant model


 *************** function _task_m1 *****************
 Defined at:
		line 109 in file "user_tasks.c"
 Parameters:    Size  Location     Type
		None
 Auto vars:     Size  Location     Type
  dado            1    0        unsigned char 
 Return value:  Size  Location     Type
                  1  [STACK] void 
 Registers used:
		wreg, fsr0l, fsr0h, fsr1l, fsr1h, fsr2l, fsr2h, status,2, status,0, btemp, btemp+1, btemp+6, btemp+7, btemp+8, btemp+9, btemp+10, btemp+11, prodl, prodh
 Tracked objects:
		On entry : 
		On exit  : 
		Unchanged: 
 Data sizes:     COMRAM   BANK0   BANK1   BANK2   BANK3   BANK4   BANK5
      Params:         0       0       0       0       0       0       0
      Locals:         0       0       0       0       0       0       0
      Temps:          0       0       0       0       0       0       0
      Totals:         0       0       0       0       0       0       0
Total ram usage:        0 bytes
 Hardware stack levels used:    1
 Hardware stack levels required when called:    8
 This function calls:
		_sem_post
		_sem_wait
 This function is called by:
		_main
 This function uses a reentrant model


 *************** function _task_m2 *****************
 Defined at:
		line 131 in file "user_tasks.c"
 Parameters:    Size  Location     Type
		None
 Auto vars:     Size  Location     Type
  dado            1    0        unsigned char 
 Return value:  Size  Location     Type
                  1  [STACK] void 
 Registers used:
		wreg, fsr0l, fsr0h, fsr1l, fsr1h, fsr2l, fsr2h, status,2, status,0, btemp, btemp+1, btemp+6, btemp+7, btemp+8, btemp+9, btemp+10, btemp+11, prodl, prodh
 Tracked objects:
		On entry : 
		On exit  : 
		Unchanged: 
 Data sizes:     COMRAM   BANK0   BANK1   BANK2   BANK3   BANK4   BANK5
      Params:         0       0       0       0       0       0       0
      Locals:         0       0       0       0       0       0       0
      Temps:          0       0       0       0       0       0       0
      Totals:         0       0       0       0       0       0       0
Total ram usage:        0 bytes
 Hardware stack levels used:    1
 Hardware stack levels required when called:    8
 This function calls:
		_sem_post
		_sem_wait
 This function is called by:
		_main
 This function uses a reentrant model


 *************** function _task_idle *****************
 Defined at:
		line 112 in file "kernel.c"
 Parameters:    Size  Location     Type
		None
 Auto vars:     Size  Location     Type
		None
 Return value:  Size  Location     Type
                  1  [STACK] void 
 Registers used:
		wreg, status,2, status,0, btemp+11
 Tracked objects:
		On entry : 
		On exit  : 
		Unchanged: 
 Data sizes:     COMRAM   BANK0   BANK1   BANK2   BANK3   BANK4   BANK5
      Params:         0       0       0       0       0       0       0
      Locals:         0       0       0       0       0       0       0
      Temps:          0       0       0       0       0       0       0
      Totals:         0       0       0       0       0       0       0
Total ram usage:        0 bytes
 Hardware stack levels used:    1
 Hardware stack levels required when called:    4
 This function calls:
		Nothing
 This function is called by:
		_os_config
 This function uses a reentrant model


 *************** function _timer_zero_int *****************
 Defined at:
		line 23 in file "timer_0.c"
 Parameters:    Size  Location     Type
		None
 Auto vars:     Size  Location     Type
  i               2    0        int 
 Return value:  Size  Location     Type
                  1    wreg      void 
 Registers used:
		wreg, fsr1l, fsr1h, fsr2l, fsr2h, status,2, status,0, btemp, btemp+1, btemp+6, btemp+7, btemp+8, btemp+9, btemp+10, btemp+11, prodl, prodh
 Tracked objects:
		On entry : 
		On exit  : 
		Unchanged: 
 Data sizes:     COMRAM   BANK0   BANK1   BANK2   BANK3   BANK4   BANK5
      Params:         0       0       0       0       0       0       0
      Locals:         0       0       0       0       0       0       0
      Temps:         14       0       0       0       0       0       0
      Totals:        14       0       0       0       0       0       0
Total ram usage:       14 bytes
 Hardware stack levels used:    1
 Hardware stack levels required when called:    3
 This function calls:
		_dispatcher
 This function is called by:
		Interrupt level 2
 This function uses a non-reentrant model



MODULE INFORMATION

Module		Function		Class		Link	Load	Size
semaphore.c
		_sem_create    		CODE           	15E6	0000	67
		_sem_wait      		CODE           	0E9A	0000	247
		_sem_post      		CODE           	09D6	0000	335

semaphore.c estimated size: 649

C:\Program Files (x86)\Microchip\xc8\v2.10\pic\sources\c90\common\awdiv.c
		___awdiv       		CODE           	06E2	0000	381

C:\Program Files (x86)\Microchip\xc8\v2.10\pic\sources\c90\common\awdiv.c estimated size: 381

sralloc.c
		__SRAMmerge    		CODE           	0F90	0000	217
		_SRAMalloc     		CODE           	0C6E	0000	287
		_SRAMInitHeap  		CODE           	13A4	0000	103

sralloc.c estimated size: 607

C:\Program Files (x86)\Microchip\xc8\v2.10\pic\sources\c90\common\Umul16.c
		___wmul        		CODE           	130E	0000	151

C:\Program Files (x86)\Microchip\xc8\v2.10\pic\sources\c90\common\Umul16.c estimated size: 151

seven_seg.c
		_seven_seg_set 		CODE           	1068	0000	187
		_seven_seg_init		CODE           	16D0	0000	11
		_update_ports  		CODE           	0544	0000	415

seven_seg.c estimated size: 613

kernel.c
		_rr_scheduler  		CODE           	1274	0000	155
		_create_task   		CODE           	085E	0000	377
		_os_config     		CODE           	1628	0000	63
		_dispatcher    		CODE           	0014	0000	1329
		_start_OS      		CODE           	16DA	0000	9
		_task_idle     		CODE           	1666	0000	47

kernel.c estimated size: 1980

timer_0.c
		_timer_zero_int		CODE           	0008	0000	185
		_conf_timer0   		CODE           	16BE	0000	19

timer_0.c estimated size: 204

shared
		__initialization		CODE           	146C	0000	77

shared estimated size: 77

C:\Program Files (x86)\Microchip\xc8\v2.10\pic\sources\c90\common\awmod.c
		___awmod       		CODE           	0B24	0000	331

C:\Program Files (x86)\Microchip\xc8\v2.10\pic\sources\c90\common\awmod.c estimated size: 331

pipe.c
		_pipe_create   		CODE           	14C2	0000	83

pipe.c estimated size: 83

user_tasks.c
		_task_m1       		CODE           	140A	0000	99
		_task_um       		CODE           	15A2	0000	69
		_user_tasks_config		CODE           	11D6	0000	159
		_task_disp     		CODE           	1694	0000	43
		_task_dois     		CODE           	1514	0000	73
		_task_m2       		CODE           	155C	0000	71

user_tasks.c estimated size: 514

main.c
		_main          		CODE           	0D8C	0000	271

main.c estimated size: 271

