Microchip MPLAB XC8 Compiler V2.10 ()

Linker command line:

-W-3 --edf=C:\Program Files (x86)\Microchip\xc8\v2.10\pic\dat\en_msgs.txt \
  -cs -h+dist/default/production\aeos-master.production.sym \
  --cmf=dist/default/production\aeos-master.production.cmf -z -Q18F4520 \
  -oC:\Users\eduar\AppData\Local\Temp\s7i4.2 --defsym=__MPLAB_BUILD=1 \
  -Mdist/default/production/aeos-master.production.map -E1 -ver=XC8 \
  --acfsm=1493 -ASTACK=054Ch-05FFh -pstack=STACK -ACODE=00h-07FFFh \
  -ACONST=00h-07FFFh -ASMALLCONST=0600h-06FFhx122 \
  -AMEDIUMCONST=0600h-07FFFh -ACOMRAM=01h-07Fh -AABS1=00h-05FFh \
  -ABIGRAM=01h-05FFh -ARAM=080h-0FFh,0100h-01FFhx5 -ABANK0=080h-0FFh \
  -ABANK1=0100h-01FFh -ABANK2=0200h-02FFh -ABANK3=0300h-03FFh \
  -ABANK4=0400h-04FFh -ABANK5=0500h-05FFh -ASFR=0F80h-0FFFh \
  -preset_vec=00h,intcode=08h,intcodelo,powerup,init -pramtop=0600h \
  -psmallconst=SMALLCONST -pmediumconst=MEDIUMCONST -pconst=CONST \
  -AFARRAM=00h-00h -ACONFIG=0300000h-030000Dh -pconfig=CONFIG \
  -AIDLOC=0200000h-0200007h -pidloc=IDLOC -AEEDATA=0F00000h-0F000FFh \
  -peeprom_data=EEDATA \
  -prdata=COMRAM,nvrram=COMRAM,nvbit=COMRAM,rbss=COMRAM,rbit=COMRAM \
  -pfarbss=FARRAM,fardata=FARRAM,nvFARRAM=FARRAM \
  -pintsave_regs=BIGRAM,bigbss=BIGRAM,bigdata=BIGRAM -pbss=RAM \
  -pidata=CODE,irdata=CODE,ibigdata=CODE,ifardata=CODE -prparam=COMRAM \
  C:\Users\eduar\AppData\Local\Temp\s7i4.o \
  dist/default/production\aeos-master.production.o 

Object code version is 3.11

Machine type is 18F4520

Call graph: (short form)




                Name                               Link     Load   Length Selector   Space Scale
C:\Users\eduar\AppData\Local\Temp\s7i4.o
                stack                               54C      54C       B4      54C       2
                init                                  C        C        8        4       0
                reset_vec                             0        0        4        0       0
                idloc                            200000   200000        8   200000       0
                config                           300000   300000        E   300000       0
dist/default/production\aeos-master.production.o
                intcode                               8        8        4        4       0
                temp                                 62       62        C        1       1
                smallconst                          600      600       A4      300       0
                intcode_body                       5BA2     5BA2       B4      352       0
                text55                             61CA     61CA       64      352       0
                text54                             46A6     46A6      1DC      352       0
                text53                             6166     6166       64      352       0
                text52                             659C     659C       2E      352       0
                text51                             6466     6466       42      352       0
                text50                             64E8     64E8       40      352       0
                text49                             6528     6528       3E      352       0
                text48                             6612     6612       12      352       0
                text47                             5E46     5E46       9C      352       0
                text46                             622E     622E       60      352       0
                text45                             5AE4     5AE4       BE      352       0
                text44                             628E     628E       5E      352       0
                text43                             5C56     5C56       AE      352       0
                text42                             2ABE     2ABE      62A      352       0
                text41                             51C4     51C4      14A      352       0
                text40                             5EE2     5EE2       9A      352       0
                text39                             30E8     30E8      530      352       0
                text38                             4882     4882      1CE      352       0
                text37                             5076     5076      14E      352       0
                text36                             5664     5664      102      352       0
                text35                             584C     584C       E4      352       0
                text34                             4BF8     4BF8      186      352       0
                text33                             63D8     63D8       4A      352       0
                text32                             197C     197C      8E8      352       0
                text31                             6566     6566       36      352       0
                text30                             4A50     4A50      1A8      352       0
                text29                             530E     530E      12E      352       0
                text28                             5562     5562      102      352       0
                text27                             3FA2     3FA2      260      352       0
                text26                             3D1E     3D1E      284      352       0
                text25                             4454     4454      252      352       0
                text24                             2264     2264      85A      352       0
                text23                             5A0A     5A0A       DA      352       0
                text22                             5D04     5D04       A2      352       0
                text21                             4202     4202      252      352       0
                text20                             638C     638C       4C      352       0
                text19                             4EFA     4EFA      17C      352       0
                text18                             3618     3618      41E      352       0
                text17                              6A4      6A4     12D8      352       0
                text16                             3A36     3A36      2E8      352       0
                text15                             609A     609A       68      352       0
                text14                             6600     6600       12      352       0
                text13                             5F7C     5F7C       96      352       0
                text12                             4D7E     4D7E      17C      352       0
                text11                             65EE     65EE       12      352       0
                text10                             6102     6102       64      352       0
                text9                              65CA     65CA       24      352       0
                text8                              6012     6012       88      352       0
                text7                              5930     5930       DA      352       0
                text6                              543C     543C      126      352       0
                text5                              62EC     62EC       52      352       0
                text4                              6422     6422       44      352       0
                text3                              5DA6     5DA6       A0      352       0
                text2                              64A8     64A8       40      352       0
                text1                              6624     6624        8      352       0
                text0                              5766     5766       E6      352       0
                cstackCOMRAM                         4F       4F       13        1       1
                cstackBANK0                          92       92       10       80       1
                bssBIGRAM                            A2       A2      4AA       A2       1
                bssBANK0                             80       80       12       80       1
                dataCOMRAM                           6E       6E        2        1       1
                bssCOMRAM                             1        1       4E        1       1
                cinit                              633E     633E       4E      352       0
                idataCOMRAM                        662C     662C        2      352       0

TOTAL           Name                               Link     Load   Length     Space
        CLASS   STACK          
                stack                               54C      54C       B4         2

        CLASS   CODE           
                intcode                               8        8        4         0
                init                                  C        C        8         0
                reset_vec                             0        0        4         0
                intcode_body                       5BA2     5BA2       B4         0
                text55                             61CA     61CA       64         0
                text54                             46A6     46A6      1DC         0
                text53                             6166     6166       64         0
                text52                             659C     659C       2E         0
                text51                             6466     6466       42         0
                text50                             64E8     64E8       40         0
                text49                             6528     6528       3E         0
                text48                             6612     6612       12         0
                text47                             5E46     5E46       9C         0
                text46                             622E     622E       60         0
                text45                             5AE4     5AE4       BE         0
                text44                             628E     628E       5E         0
                text43                             5C56     5C56       AE         0
                text42                             2ABE     2ABE      62A         0
                text41                             51C4     51C4      14A         0
                text40                             5EE2     5EE2       9A         0
                text39                             30E8     30E8      530         0
                text38                             4882     4882      1CE         0
                text37                             5076     5076      14E         0
                text36                             5664     5664      102         0
                text35                             584C     584C       E4         0
                text34                             4BF8     4BF8      186         0
                text33                             63D8     63D8       4A         0
                text32                             197C     197C      8E8         0
                text31                             6566     6566       36         0
                text30                             4A50     4A50      1A8         0
                text29                             530E     530E      12E         0
                text28                             5562     5562      102         0
                text27                             3FA2     3FA2      260         0
                text26                             3D1E     3D1E      284         0
                text25                             4454     4454      252         0
                text24                             2264     2264      85A         0
                text23                             5A0A     5A0A       DA         0
                text22                             5D04     5D04       A2         0
                text21                             4202     4202      252         0
                text20                             638C     638C       4C         0
                text19                             4EFA     4EFA      17C         0
                text18                             3618     3618      41E         0
                text17                              6A4      6A4     12D8         0
                text16                             3A36     3A36      2E8         0
                text15                             609A     609A       68         0
                text14                             6600     6600       12         0
                text13                             5F7C     5F7C       96         0
                text12                             4D7E     4D7E      17C         0
                text11                             65EE     65EE       12         0
                text10                             6102     6102       64         0
                text9                              65CA     65CA       24         0
                text8                              6012     6012       88         0
                text7                              5930     5930       DA         0
                text6                              543C     543C      126         0
                text5                              62EC     62EC       52         0
                text4                              6422     6422       44         0
                text3                              5DA6     5DA6       A0         0
                text2                              64A8     64A8       40         0
                text1                              6624     6624        8         0
                text0                              5766     5766       E6         0
                cinit                              633E     633E       4E         0
                idataCOMRAM                        662C     662C        2         0

        CLASS   CONST          

        CLASS   SMALLCONST     
                smallconst                          600      600       A4         0

        CLASS   MEDIUMCONST    

        CLASS   COMRAM         
                temp                                 62       62        C         1
                cstackCOMRAM                         4F       4F       13         1
                dataCOMRAM                           6E       6E        2         1
                bssCOMRAM                             1        1       4E         1

        CLASS   ABS1           

        CLASS   BIGRAM         
                bssBIGRAM                            A2       A2      4AA         1

        CLASS   RAM            

        CLASS   BANK0          
                cstackBANK0                          92       92       10         1
                bssBANK0                             80       80       12         1

        CLASS   BANK1          

        CLASS   BANK2          

        CLASS   BANK3          

        CLASS   BANK4          

        CLASS   BANK5          

        CLASS   SFR            

        CLASS   FARRAM         

        CLASS   CONFIG         
                config                           300000   300000        E         0

        CLASS   IDLOC          
                idloc                            200000   200000        8         0

        CLASS   EEDATA         



SEGMENTS        Name                           Load    Length   Top    Selector   Space  Class

                reset_vec                      000000  000004  000004         0       0  CODE    
                bssCOMRAM                      000001  00006F  000070         1       1  COMRAM  
                intcode                        000008  00000C  000014         4       0  CODE    
                bssBANK0                       000080  000022  0000A2        80       1  BANK0   
                bssBIGRAM                      0000A2  0004AA  00054C        A2       1  BIGRAM  
                stack                          00054C  0000B4  000600       54C       2  STACK   
                smallconst                     000600  0000A4  0006A4       300       0  SMALLCON
                text17                         0006A4  005F8A  00662E       352       0  CODE    
                idloc                          200000  000008  200008    200000       0  IDLOC   
                config                         300000  00000E  30000E    300000       0  CONFIG  


UNUSED ADDRESS RANGES

        Name                Unused          Largest block    Delta
        BANK5            00054C-0005FF               B4
        BIGRAM           000070-00007F               10
                         00054C-0005FF               B4
        CODE             000004-000007                4
                         000014-0005FF              5EC
                         00662E-007FFF             19D2
        COMRAM           000070-00007F               10
        CONST            000004-000007                4
                         000014-0005FF              5EC
                         00662E-007FFF             19D2
        EEDATA           F00000-F000FF              100
        MEDIUMCONST      00662E-007FFF             19D2
        RAM              00054C-0005FF               B4
        SFR              000F80-000FFF               80
        SMALLCONST       00662E-007FFF              100

                                  Symbol Table

?_SRAMalloc                 cstackBANK0  000097
?_create_task               cstackBANK0  000092
SRAMInitHeap@count          cstackBANK0  000094
SRAMInitHeap@pHeap          cstackBANK0  000092
SRAMalloc@nBytes            cstackBANK0  00009F
SRAMalloc@pHeap             cstackBANK0  0000A0
SRAMalloc@segHeader         cstackBANK0  00009E
SRAMalloc@segLen            cstackBANK0  00009D
SRAMalloc@temp              cstackBANK0  00009B
_ADCON0                     (abs)        000FC2
_ADCON0bits                 (abs)        000FC2
_ADCON1                     (abs)        000FC1
_ADCON2                     (abs)        000FC0
_ADRESH                     (abs)        000FC4
_ADRESL                     (abs)        000FC3
_BSR                        (abs)        000FE0
_INTCONbits                 (abs)        000FF2
_Inicializa_ADC             text11       0065EE
_Lcd_Clear                  text48       006612
_Lcd_Cmd                    text9        0065CA
_Lcd_Init                   text8        006012
_Lcd_Port                   text10       006102
_Lcd_Set_Cursor             text47       005E46
_Lcd_Write_Char             text46       00622E
_Lcd_Write_String           text45       005AE4
_LerADC                     text44       00628E
_MsDelay                    text43       005C56
_PORTCbits                  (abs)        000F82
_PORTDbits                  (abs)        000F83
_RB5                        (abs)        007C0D
_RB6                        (abs)        007C0E
_RD4                        (abs)        007C1C
_RD5                        (abs)        007C1D
_RD6                        (abs)        007C1E
_RD7                        (abs)        007C1F
_SRAMInitHeap               text15       00609A
_SRAMalloc                  text6        00543C
_STATUS                     (abs)        000FD8
_STKPTR                     (abs)        000FFC
_T0CONbits                  (abs)        000FD5
_TMR0L                      (abs)        000FD6
_TOS                        (abs)        000FFD
_TOSH                       (abs)        000FFE
_TOSL                       (abs)        000FFD
_TOSU                       (abs)        000FFF
_TRISAbits                  (abs)        000F92
_TRISBbits                  (abs)        000F93
_TRISCbits                  (abs)        000F94
_TRISDbits                  (abs)        000F95
_WREG                       (abs)        000FE8
__CFG_PBADEN$OFF            (abs)        000000
__CFG_WDT$OFF               (abs)        000000
__HRAM                      (abs)        000000
__Habs1                     abs1         000000
__Hbank0                    bank0        000000
__Hbank1                    bank1        000000
__Hbank2                    bank2        000000
__Hbank3                    bank3        000000
__Hbank4                    bank4        000000
__Hbank5                    bank5        000000
__Hbigbss                   bigbss       000000
__Hbigdata                  bigdata      000000
__Hbigram                   bigram       000000
__Hbss                      bss          000000
__HbssBANK0                 bssBANK0     000000
__HbssBIGRAM                bssBIGRAM    000000
__HbssCOMRAM                bssCOMRAM    000000
__Hcinit                    cinit        000000
__Hclrtext                  clrtext      000000
__Hcomram                   comram       000000
__Hconfig                   config       30000E
__Hconst                    const        000000
__HcstackBANK0              cstackBANK0  000000
__HcstackCOMRAM             cstackCOMRAM 000000
__Hdata                     data         000000
__HdataCOMRAM               dataCOMRAM   000000
__Heeprom_data              eeprom_data  000000
__Hfarbss                   farbss       000000
__Hfardata                  fardata      000000
__Hibigdata                 ibigdata     000000
__Hidata                    idata        000000
__HidataCOMRAM              idataCOMRAM  000000
__Hidloc                    idloc        200008
__Hifardata                 ifardata     000000
__Hinit                     init         000014
__Hintcode                  intcode      00000C
__Hintcode_body             intcode_body 000000
__Hintcodelo                intcodelo    00000C
__Hintentry                 intentry     000000
__Hintret                   intret       000000
__Hintsave_regs             intsave_regs 000000
__Hirdata                   irdata       000000
__Hmediumconst              mediumconst  000000
__HnvFARRAM                 nvFARRAM     000000
__Hnvbit                    nvbit        000000
__Hnvrram                   nvrram       000000
__Hparam                    rparam       000000
__Hpowerup                  powerup      00000C
__Hram                      ram          000000
__Hramtop                   ramtop       000600
__Hrbit                     rbit         000000
__Hrbss                     rbss         000000
__Hrdata                    rdata        000000
__Hreset_vec                reset_vec    000004
__Hrparam                   rparam       000000
__Hsfr                      sfr          000000
__Hsmallconst               smallconst   0006A4
__Hspace_0                  (abs)        30000E
__Hspace_1                  (abs)        00054C
__Hspace_2                  (abs)        000600
__Hstack                    stack        000600
__Hstruct                   struct       000000
__Htemp                     temp         00006E
__Htext                     text         000000
__Htext0                    text0        000000
__Htext1                    text1        000000
__Htext10                   text10       000000
__Htext11                   text11       000000
__Htext12                   text12       000000
__Htext13                   text13       000000
__Htext14                   text14       000000
__Htext15                   text15       000000
__Htext16                   text16       000000
__Htext17                   text17       000000
__Htext18                   text18       000000
__Htext19                   text19       000000
__Htext2                    text2        000000
__Htext20                   text20       000000
__Htext21                   text21       000000
__Htext22                   text22       000000
__Htext23                   text23       000000
__Htext24                   text24       000000
__Htext25                   text25       000000
__Htext26                   text26       000000
__Htext27                   text27       000000
__Htext28                   text28       000000
__Htext29                   text29       000000
__Htext3                    text3        000000
__Htext30                   text30       000000
__Htext31                   text31       000000
__Htext32                   text32       000000
__Htext33                   text33       000000
__Htext34                   text34       000000
__Htext35                   text35       000000
__Htext36                   text36       000000
__Htext37                   text37       000000
__Htext38                   text38       000000
__Htext39                   text39       000000
__Htext4                    text4        000000
__Htext40                   text40       000000
__Htext41                   text41       000000
__Htext42                   text42       000000
__Htext43                   text43       000000
__Htext44                   text44       000000
__Htext45                   text45       000000
__Htext46                   text46       000000
__Htext47                   text47       000000
__Htext48                   text48       000000
__Htext49                   text49       000000
__Htext5                    text5        000000
__Htext50                   text50       000000
__Htext51                   text51       000000
__Htext52                   text52       000000
__Htext53                   text53       000000
__Htext54                   text54       000000
__Htext55                   text55       000000
__Htext6                    text6        000000
__Htext7                    text7        000000
__Htext8                    text8        000000
__Htext9                    text9        000000
__LRAM                      (abs)        000001
__Labs1                     abs1         000000
__Lbank0                    bank0        000000
__Lbank1                    bank1        000000
__Lbank2                    bank2        000000
__Lbank3                    bank3        000000
__Lbank4                    bank4        000000
__Lbank5                    bank5        000000
__Lbigbss                   bigbss       000000
__Lbigdata                  bigdata      000000
__Lbigram                   bigram       000000
__Lbss                      bss          000000
__LbssBANK0                 bssBANK0     000000
__LbssBIGRAM                bssBIGRAM    000000
__LbssCOMRAM                bssCOMRAM    000000
__Lcinit                    cinit        000000
__Lclrtext                  clrtext      000000
__Lcomram                   comram       000000
__Lconfig                   config       300000
__Lconst                    const        000000
__LcstackBANK0              cstackBANK0  000000
__LcstackCOMRAM             cstackCOMRAM 000000
__Ldata                     data         000000
__LdataCOMRAM               dataCOMRAM   000000
__Leeprom_data              eeprom_data  000000
__Lfarbss                   farbss       000000
__Lfardata                  fardata      000000
__Libigdata                 ibigdata     000000
__Lidata                    idata        000000
__LidataCOMRAM              idataCOMRAM  000000
__Lidloc                    idloc        200000
__Lifardata                 ifardata     000000
__Linit                     init         00000C
__Lintcode                  intcode      000008
__Lintcode_body             intcode_body 000000
__Lintcodelo                intcodelo    00000C
__Lintentry                 intentry     000000
__Lintret                   intret       000000
__Lintsave_regs             intsave_regs 000000
__Lirdata                   irdata       000000
__Lmediumconst              mediumconst  000000
__LnvFARRAM                 nvFARRAM     000000
__Lnvbit                    nvbit        000000
__Lnvrram                   nvrram       000000
__Lparam                    rparam       000000
__Lpowerup                  powerup      00000C
__Lram                      ram          000000
__Lramtop                   ramtop       000600
__Lrbit                     rbit         000000
__Lrbss                     rbss         000000
__Lrdata                    rdata        000000
__Lreset_vec                reset_vec    000000
__Lrparam                   rparam       000000
__Lsfr                      sfr          000000
__Lsmallconst               smallconst   000600
__Lspace_0                  (abs)        000000
__Lspace_1                  (abs)        000000
__Lspace_2                  (abs)        000000
__Lstack                    stack        00054C
__Lstruct                   struct       000000
__Ltemp                     temp         000062
__Ltext                     text         000000
__Ltext0                    text0        000000
__Ltext1                    text1        000000
__Ltext10                   text10       000000
__Ltext11                   text11       000000
__Ltext12                   text12       000000
__Ltext13                   text13       000000
__Ltext14                   text14       000000
__Ltext15                   text15       000000
__Ltext16                   text16       000000
__Ltext17                   text17       000000
__Ltext18                   text18       000000
__Ltext19                   text19       000000
__Ltext2                    text2        000000
__Ltext20                   text20       000000
__Ltext21                   text21       000000
__Ltext22                   text22       000000
__Ltext23                   text23       000000
__Ltext24                   text24       000000
__Ltext25                   text25       000000
__Ltext26                   text26       000000
__Ltext27                   text27       000000
__Ltext28                   text28       000000
__Ltext29                   text29       000000
__Ltext3                    text3        000000
__Ltext30                   text30       000000
__Ltext31                   text31       000000
__Ltext32                   text32       000000
__Ltext33                   text33       000000
__Ltext34                   text34       000000
__Ltext35                   text35       000000
__Ltext36                   text36       000000
__Ltext37                   text37       000000
__Ltext38                   text38       000000
__Ltext39                   text39       000000
__Ltext4                    text4        000000
__Ltext40                   text40       000000
__Ltext41                   text41       000000
__Ltext42                   text42       000000
__Ltext43                   text43       000000
__Ltext44                   text44       000000
__Ltext45                   text45       000000
__Ltext46                   text46       000000
__Ltext47                   text47       000000
__Ltext48                   text48       000000
__Ltext49                   text49       000000
__Ltext5                    text5        000000
__Ltext50                   text50       000000
__Ltext51                   text51       000000
__Ltext52                   text52       000000
__Ltext53                   text53       000000
__Ltext54                   text54       000000
__Ltext55                   text55       000000
__Ltext6                    text6        000000
__Ltext7                    text7        000000
__Ltext8                    text8        000000
__Ltext9                    text9        000000
__S0                        (abs)        30000E
__S1                        (abs)        00054C
__S2                        (abs)        000600
__SRAMmerge                 text7        005930
__SRAMmerge@pSegA           cstackCOMRAM 00005F
__SRAMmerge@pSegB           cstackBANK0  000093
__SRAMmerge@uSegA           cstackBANK0  000095
__SRAMmerge@uSegB           cstackBANK0  000096
__SRAMmerge@uSum            cstackBANK0  000092
___awdiv                    text19       004EFA
___awmod                    text41       0051C4
___fladd                    text32       00197C
___fldiv                    text42       002ABE
___fleq                     text35       00584C
___flge                     text34       004BF8
___flmul                    text24       002264
___flneg                    text33       0063D8
___flsub                    text31       006566
___fltol                    text30       004A50
___inthi_sp                 stack        000588
___intlo_sp                 stack        0005C4
___lbdiv                    text23       005A0A
___lbmod                    text22       005D04
___lldiv                    text29       00530E
___llmod                    text28       005562
___param_bank               (abs)        000000
___rparam_used              (abs)        000001
___sp                       stack        00054C
___wmul                     text13       005F7C
___xxtofl                   text27       003FA2
__accesstop                 (abs)        000080
__activetblptr              (abs)        000002
__div_to_l_                 text26       003D1E
__end_of_Inicializa_ADC     text11       006600
__end_of_Lcd_Clear          text48       006624
__end_of_Lcd_Cmd            text9        0065EE
__end_of_Lcd_Init           text8        00609A
__end_of_Lcd_Port           text10       006166
__end_of_Lcd_Set_Cursor     text47       005EE2
__end_of_Lcd_Write_Char     text46       00628E
__end_of_Lcd_Write_String   text45       005BA2
__end_of_LerADC             text44       0062EC
__end_of_MsDelay            text43       005D04
__end_of_SRAMInitHeap       text15       006102
__end_of_SRAMalloc          text6        005562
__end_of__SRAMmerge         text7        005A0A
__end_of___awdiv            text19       005076
__end_of___awmod            text41       00530E
__end_of___fladd            text32       002264
__end_of___fldiv            text42       0030E8
__end_of___fleq             text35       005930
__end_of___flge             text34       004D7E
__end_of___flmul            text24       002ABE
__end_of___flneg            text33       006422
__end_of___flsub            text31       00659C
__end_of___fltol            text30       004BF8
__end_of___lbdiv            text23       005AE4
__end_of___lbmod            text22       005DA6
__end_of___lldiv            text29       00543C
__end_of___llmod            text28       005664
__end_of___wmul             text13       006012
__end_of___xxtofl           text27       004202
__end_of__div_to_l_         text26       003FA2
__end_of__initialization    cinit        006382
__end_of__npowers_          smallconst   000669
__end_of__powers_           smallconst   000635
__end_of__tdiv_to_l_        text25       0046A6
__end_of_conf_timer0        text14       006612
__end_of_create_task        text12       004EFA
__end_of_dispatcher         text39       003618
__end_of_dpowers            smallconst   000691
__end_of_fround             text21       004454
__end_of_isdigit            text20       0063D8
__end_of_main               text0        00584C
__end_of_os_config          text2        0064E8
__end_of_pipe_create        text5        00633E
__end_of_pipe_read          text54       004882
__end_of_pipe_write         text38       004A50
__end_of_rr_scheduler       text40       005F7C
__end_of_scale              text18       003A36
__end_of_sem_create         text4        006466
__end_of_sem_post           text37       0051C4
__end_of_sem_wait           text36       005766
__end_of_sprintf            text17       00197C
__end_of_start_OS           text1        00662C
__end_of_task_dois          text50       006528
__end_of_task_idle          text52       0065CA
__end_of_task_lcd           text16       003D1E
__end_of_task_m1            text53       0061CA
__end_of_task_m2            text55       00622E
__end_of_task_tres          text51       0064A8
__end_of_task_um            text49       006566
__end_of_timer_zero_int     intcode_body 005C56
__end_of_user_tasks_config  text3        005E46
__initialization            cinit        00633E
__mediumconst               mediumconst  000000
__npowers_                  smallconst   000635
__pbssBANK0                 bssBANK0     000080
__pbssBIGRAM                bssBIGRAM    0000A2
__pbssCOMRAM                bssCOMRAM    000001
__pcinit                    cinit        00633E
__pcstackBANK0              cstackBANK0  000092
__pcstackCOMRAM             cstackCOMRAM 00004F
__pdataCOMRAM               dataCOMRAM   00006E
__pidataCOMRAM              idataCOMRAM  00662C
__pintcode                  intcode      000008
__pintcode_body             intcode_body 005BA2
__powers_                   smallconst   000601
__psmallconst               smallconst   000600
__ptext0                    text0        005766
__ptext1                    text1        006624
__ptext10                   text10       006102
__ptext11                   text11       0065EE
__ptext12                   text12       004D7E
__ptext13                   text13       005F7C
__ptext14                   text14       006600
__ptext15                   text15       00609A
__ptext16                   text16       003A36
__ptext17                   text17       0006A4
__ptext18                   text18       003618
__ptext19                   text19       004EFA
__ptext2                    text2        0064A8
__ptext20                   text20       00638C
__ptext21                   text21       004202
__ptext22                   text22       005D04
__ptext23                   text23       005A0A
__ptext24                   text24       002264
__ptext25                   text25       004454
__ptext26                   text26       003D1E
__ptext27                   text27       003FA2
__ptext28                   text28       005562
__ptext29                   text29       00530E
__ptext3                    text3        005DA6
__ptext30                   text30       004A50
__ptext31                   text31       006566
__ptext32                   text32       00197C
__ptext33                   text33       0063D8
__ptext34                   text34       004BF8
__ptext35                   text35       00584C
__ptext36                   text36       005664
__ptext37                   text37       005076
__ptext38                   text38       004882
__ptext39                   text39       0030E8
__ptext4                    text4        006422
__ptext40                   text40       005EE2
__ptext41                   text41       0051C4
__ptext42                   text42       002ABE
__ptext43                   text43       005C56
__ptext44                   text44       00628E
__ptext45                   text45       005AE4
__ptext46                   text46       00622E
__ptext47                   text47       005E46
__ptext48                   text48       006612
__ptext49                   text49       006528
__ptext5                    text5        0062EC
__ptext50                   text50       0064E8
__ptext51                   text51       006466
__ptext52                   text52       00659C
__ptext53                   text53       006166
__ptext54                   text54       0046A6
__ptext55                   text55       0061CA
__ptext6                    text6        00543C
__ptext7                    text7        005930
__ptext8                    text8        006012
__ptext9                    text9        0065CA
__ramtop                    ramtop       000600
__size_of_Inicializa_ADC    (abs)        000000
__size_of_Lcd_Clear         (abs)        000000
__size_of_Lcd_Cmd           (abs)        000000
__size_of_Lcd_Init          (abs)        000000
__size_of_Lcd_Port          (abs)        000000
__size_of_Lcd_Set_Cursor    (abs)        000000
__size_of_Lcd_Write_Char    (abs)        000000
__size_of_Lcd_Write_String  (abs)        000000
__size_of_LerADC            (abs)        000000
__size_of_MsDelay           (abs)        000000
__size_of_SRAMInitHeap      (abs)        000000
__size_of_SRAMalloc         (abs)        000000
__size_of__SRAMmerge        (abs)        000000
__size_of___awdiv           (abs)        000000
__size_of___awmod           (abs)        000000
__size_of___fladd           (abs)        000000
__size_of___fldiv           (abs)        000000
__size_of___fleq            (abs)        000000
__size_of___flge            (abs)        000000
__size_of___flmul           (abs)        000000
__size_of___flneg           (abs)        000000
__size_of___flsub           (abs)        000000
__size_of___fltol           (abs)        000000
__size_of___lbdiv           (abs)        000000
__size_of___lbmod           (abs)        000000
__size_of___lldiv           (abs)        000000
__size_of___llmod           (abs)        000000
__size_of___wmul            (abs)        000000
__size_of___xxtofl          (abs)        000000
__size_of__div_to_l_        (abs)        000000
__size_of__tdiv_to_l_       (abs)        000000
__size_of_conf_timer0       (abs)        000000
__size_of_create_task       (abs)        000000
__size_of_dispatcher        (abs)        000000
__size_of_fround            (abs)        000000
__size_of_isdigit           (abs)        000000
__size_of_main              (abs)        000000
__size_of_os_config         (abs)        000000
__size_of_pipe_create       (abs)        000000
__size_of_pipe_read         (abs)        000000
__size_of_pipe_write        (abs)        000000
__size_of_rr_scheduler      (abs)        000000
__size_of_scale             (abs)        000000
__size_of_sem_create        (abs)        000000
__size_of_sem_post          (abs)        000000
__size_of_sem_wait          (abs)        000000
__size_of_sprintf           (abs)        000000
__size_of_start_OS          (abs)        000000
__size_of_task_dois         (abs)        000000
__size_of_task_idle         (abs)        000000
__size_of_task_lcd          (abs)        000000
__size_of_task_m1           (abs)        000000
__size_of_task_m2           (abs)        000000
__size_of_task_tres         (abs)        000000
__size_of_task_um           (abs)        000000
__size_of_timer_zero_int    (abs)        000000
__size_of_user_tasks_config (abs)        000000
__smallconst                smallconst   000600
__tdiv_to_l_                text25       004454
__uDynamicHeap              bssBIGRAM    00034C
_buffer                     bssCOMRAM    000001
_conf_timer0                text14       006600
_create_task                text12       004D7E
_dispatcher                 text39       0030E8
_dpowers                    smallconst   000669
_f_aptos                    bssBIGRAM    0000A2
_fround                     text21       004202
_isdigit                    text20       00638C
_main                       text0        005766
_msg1                       bssCOMRAM    000045
_msg2                       bssCOMRAM    00003B
_os_config                  text2        0064A8
_pipe_create                text5        0062EC
_pipe_read                  text54       0046A6
_pipe_write                 text38       004882
_quantum                    dataCOMRAM   00006E
_rr_scheduler               text40       005EE2
_scale                      text18       003618
_sem1                       bssCOMRAM    000029
_sem2                       bssCOMRAM    000017
_sem3                       bssCOMRAM    000005
_sem4                       bssBANK0     000080
_sem_create                 text4        006422
_sem_post                   text37       005076
_sem_wait                   text36       005664
_sprintf                    text17       0006A4
_stack_size                 bssCOMRAM    000003
_start_OS                   text1        006624
_task_dois                  text50       0064E8
_task_idle                  text52       00659C
_task_lcd                   text16       003A36
_task_m1                    text53       006166
_task_m2                    text55       0061CA
_task_tres                  text51       006466
_task_um                    text49       006528
_timer_zero_int             intcode      000008
_user_tasks_config          text3        005DA6
btemp                       temp         000062
create_task@f               cstackBANK0  000096
create_task@id              cstackBANK0  000092
create_task@prior           cstackBANK0  000094
end_of_initialization       cinit        006382
int_func                    intcode_body 005BA2
intlevel0                   text         000000
intlevel1                   text         000000
intlevel2                   text         000000
intlevel3                   text         000000
lltemp0                     temp         000062
ltemp0                      temp         000062
ltemp1                      temp         000066
ltemp2                      temp         00006A
pipe_create@p               cstackCOMRAM 00005F
sem_create@init_value       cstackBANK0  000094
sem_create@sem              cstackBANK0  000092
stackhi                     (abs)        0005FF
stacklo                     (abs)        00054C
start                       init         00000C
start_initialization        cinit        00633E
task_m1@dado                cstackCOMRAM 00005D
task_m2@dado                cstackCOMRAM 00005E
ttemp0                      temp         000062
ttemp1                      temp         000065
ttemp2                      temp         000068
ttemp3                      temp         00006B
ttemp5                      temp         000063
ttemp6                      temp         000066
ttemp7                      temp         00006A
wtemp0                      temp         000062
wtemp1                      temp         000064
wtemp2                      temp         000066
wtemp3                      temp         000068
wtemp4                      temp         00006A
wtemp5                      temp         00006C
wtemp8                      temp         000063


FUNCTION INFORMATION:

 *************** function _main *****************
 Defined at:
		line 20 in file "main.c"
 Parameters:    Size  Location     Type
		None
 Auto vars:     Size  Location     Type
		None
 Return value:  Size  Location     Type
                  2   22[None  ] int 
 Registers used:
		wreg, fsr1l, fsr1h, fsr2l, fsr2h, status,2, status,0, btemp, btemp+1, btemp+11, prodl, prodh, cstack
 Tracked objects:
		On entry : 
		On exit  : 
		Unchanged: 
 Data sizes:     COMRAM   BANK0   BANK1   BANK2   BANK3   BANK4   BANK5
      Params:         0       0       0       0       0       0       0
      Locals:         0       0       0       0       0       0       0
      Temps:          0       0       0       0       0       0       0
      Totals:         0       0       0       0       0       0       0
Total ram usage:        0 bytes
 Hardware stack levels required when called:   14
 This function calls:
		_SRAMInitHeap
		_create_task
		_os_config
		_start_OS
 This function is called by:
		Startup code after reset
 This function uses a non-reentrant model


 *************** function _start_OS *****************
 Defined at:
		line 105 in file "kernel.c"
 Parameters:    Size  Location     Type
		None
 Auto vars:     Size  Location     Type
		None
 Return value:  Size  Location     Type
                  1    wreg      void 
 Registers used:
		None
 Tracked objects:
		On entry : 
		On exit  : 
		Unchanged: 
 Data sizes:     COMRAM   BANK0   BANK1   BANK2   BANK3   BANK4   BANK5
      Params:         0       0       0       0       0       0       0
      Locals:         0       0       0       0       0       0       0
      Temps:          0       0       0       0       0       0       0
      Totals:         0       0       0       0       0       0       0
Total ram usage:        0 bytes
 Hardware stack levels used:    1
 Hardware stack levels required when called:    9
 This function calls:
		Nothing
 This function is called by:
		_main
 This function uses a non-reentrant model


 *************** function _os_config *****************
 Defined at:
		line 92 in file "kernel.c"
 Parameters:    Size  Location     Type
		None
 Auto vars:     Size  Location     Type
		None
 Return value:  Size  Location     Type
                  1    wreg      void 
 Registers used:
		wreg, fsr1l, fsr1h, fsr2l, fsr2h, status,2, status,0, btemp, btemp+1, btemp+11, prodl, prodh, cstack
 Tracked objects:
		On entry : 
		On exit  : 
		Unchanged: 
 Data sizes:     COMRAM   BANK0   BANK1   BANK2   BANK3   BANK4   BANK5
      Params:         0       0       0       0       0       0       0
      Locals:         0       0       0       0       0       0       0
      Temps:          0       0       0       0       0       0       0
      Totals:         0       0       0       0       0       0       0
Total ram usage:        0 bytes
 Hardware stack levels used:    1
 Hardware stack levels required when called:   13
 This function calls:
		_conf_timer0
		_create_task
		_user_tasks_config
 This function is called by:
		_main
 This function uses a non-reentrant model


 *************** function _user_tasks_config *****************
 Defined at:
		line 25 in file "user_tasks.c"
 Parameters:    Size  Location     Type
		None
 Auto vars:     Size  Location     Type
		None
 Return value:  Size  Location     Type
                  1    wreg      void 
 Registers used:
		wreg, fsr1l, fsr1h, fsr2l, fsr2h, status,2, status,0, btemp, prodl, prodh, cstack
 Tracked objects:
		On entry : 
		On exit  : 
		Unchanged: 
 Data sizes:     COMRAM   BANK0   BANK1   BANK2   BANK3   BANK4   BANK5
      Params:         0       0       0       0       0       0       0
      Locals:         0       0       0       0       0       0       0
      Temps:          0       0       0       0       0       0       0
      Totals:         0       0       0       0       0       0       0
Total ram usage:        0 bytes
 Hardware stack levels used:    1
 Hardware stack levels required when called:   12
 This function calls:
		_Inicializa_ADC
		_Lcd_Init
		_SRAMalloc
		_pipe_create
		_sem_create
 This function is called by:
		_os_config
 This function uses a non-reentrant model


 *************** function _sem_create *****************
 Defined at:
		line 10 in file "semaphore.c"
 Parameters:    Size  Location     Type
  sem             2    0[BANK0 ] PTR struct sem
		 -> sem4(18), sem3(18), sem2(18), sem1(18), 
  init_value      2    2[BANK0 ] int 
 Auto vars:     Size  Location     Type
		None
 Return value:  Size  Location     Type
                  1    wreg      void 
 Registers used:
		wreg, fsr2l, fsr2h, status,2, status,0
 Tracked objects:
		On entry : 
		On exit  : 
		Unchanged: 
 Data sizes:     COMRAM   BANK0   BANK1   BANK2   BANK3   BANK4   BANK5
      Params:         0       4       0       0       0       0       0
      Locals:         0       0       0       0       0       0       0
      Temps:          0       0       0       0       0       0       0
      Totals:         0       4       0       0       0       0       0
Total ram usage:        4 bytes
 Hardware stack levels used:    1
 Hardware stack levels required when called:    9
 This function calls:
		Nothing
 This function is called by:
		_user_tasks_config
 This function uses a non-reentrant model


 *************** function _pipe_create *****************
 Defined at:
		line 9 in file "pipe.c"
 Parameters:    Size  Location     Type
  p               2   16[COMRAM] PTR struct pipe
		 -> msg2(10), msg1(10), 
 Auto vars:     Size  Location     Type
		None
 Return value:  Size  Location     Type
                  1    wreg      void 
 Registers used:
		wreg, fsr2l, fsr2h, status,2, status,0
 Tracked objects:
		On entry : 
		On exit  : 
		Unchanged: 
 Data sizes:     COMRAM   BANK0   BANK1   BANK2   BANK3   BANK4   BANK5
      Params:         2       0       0       0       0       0       0
      Locals:         0       0       0       0       0       0       0
      Temps:          0       0       0       0       0       0       0
      Totals:         2       0       0       0       0       0       0
Total ram usage:        2 bytes
 Hardware stack levels used:    1
 Hardware stack levels required when called:    9
 This function calls:
		Nothing
 This function is called by:
		_user_tasks_config
 This function uses a non-reentrant model


 *************** function _SRAMalloc *****************
 Defined at:
		line 191 in file "sralloc.c"
 Parameters:    Size  Location     Type
  nBytes          1    wreg     unsigned char 
 Auto vars:     Size  Location     Type
  nBytes          1   13[BANK0 ] unsigned char 
  pHeap           2   14[BANK0 ] PTR struct _SALLOC
		 -> _uDynamicHeap(512), 
  temp            2    9[BANK0 ] PTR struct _SALLOC
		 -> _uDynamicHeap(512), 
  segHeader       1   12[BANK0 ] struct _SALLOC
  segLen          1   11[BANK0 ] unsigned char 
 Return value:  Size  Location     Type
                  2    5[BANK0 ] PTR unsigned char 
 Registers used:
		wreg, fsr2l, fsr2h, status,2, status,0, prodl, prodh, cstack
 Tracked objects:
		On entry : 
		On exit  : 
		Unchanged: 
 Data sizes:     COMRAM   BANK0   BANK1   BANK2   BANK3   BANK4   BANK5
      Params:         0       2       0       0       0       0       0
      Locals:         0       7       0       0       0       0       0
      Temps:          0       2       0       0       0       0       0
      Totals:         0      11       0       0       0       0       0
Total ram usage:       11 bytes
 Hardware stack levels used:    1
 Hardware stack levels required when called:   10
 This function calls:
		__SRAMmerge
 This function is called by:
		_user_tasks_config
 This function uses a non-reentrant model


 *************** function __SRAMmerge *****************
 Defined at:
		line 359 in file "sralloc.c"
 Parameters:    Size  Location     Type
  pSegA           2   16[COMRAM] PTR struct _SALLOC
		 -> _uDynamicHeap(512), 
 Auto vars:     Size  Location     Type
  pSegB           2    1[BANK0 ] PTR struct _SALLOC
		 -> _uDynamicHeap(512), 
  uSegB           1    4[BANK0 ] struct _SALLOC
  uSegA           1    3[BANK0 ] struct _SALLOC
  uSum            1    0[BANK0 ] struct _SALLOC
 Return value:  Size  Location     Type
                  1    wreg      unsigned char 
 Registers used:
		wreg, fsr2l, fsr2h, status,2, status,0, prodl, prodh
 Tracked objects:
		On entry : 
		On exit  : 
		Unchanged: 
 Data sizes:     COMRAM   BANK0   BANK1   BANK2   BANK3   BANK4   BANK5
      Params:         2       0       0       0       0       0       0
      Locals:         0       5       0       0       0       0       0
      Temps:          1       0       0       0       0       0       0
      Totals:         3       5       0       0       0       0       0
Total ram usage:        8 bytes
 Hardware stack levels used:    1
 Hardware stack levels required when called:    9
 This function calls:
		Nothing
 This function is called by:
		_SRAMalloc
 This function uses a non-reentrant model


 *************** function _Lcd_Init *****************
 Defined at:
		line 62 in file "lcd.h"
 Parameters:    Size  Location     Type
		None
 Auto vars:     Size  Location     Type
		None
 Return value:  Size  Location     Type
                  1    wreg      void 
 Registers used:
		wreg, fsr1l, fsr1h, status,2, btemp
 Tracked objects:
		On entry : 
		On exit  : 
		Unchanged: 
 Data sizes:     COMRAM   BANK0   BANK1   BANK2   BANK3   BANK4   BANK5
      Params:         0       0       0       0       0       0       0
      Locals:         0       0       0       0       0       0       0
      Temps:          1       0       0       0       0       0       0
      Totals:         1       0       0       0       0       0       0
Total ram usage:        1 bytes
 Hardware stack levels used:    1
 Hardware stack levels required when called:   11
 This function calls:
		_Lcd_Cmd
		_Lcd_Port
 This function is called by:
		_user_tasks_config
 This function uses a non-reentrant model


 *************** function _Lcd_Cmd *****************
 Defined at:
		line 26 in file "lcd.h"
 Parameters:    Size  Location     Type
  a               1  [STACK] unsigned char 
 Auto vars:     Size  Location     Type
		None
 Return value:  Size  Location     Type
                  1  [STACK] void 
 Registers used:
		wreg, fsr1l, fsr1h, status,2, btemp
 Tracked objects:
		On entry : 
		On exit  : 
		Unchanged: 
 Data sizes:     COMRAM   BANK0   BANK1   BANK2   BANK3   BANK4   BANK5
      Params:         0       0       0       0       0       0       0
      Locals:         0       0       0       0       0       0       0
      Temps:          0       0       0       0       0       0       0
      Totals:         0       0       0       0       0       0       0
Total ram usage:        0 bytes
 Hardware stack levels used:    1
 Hardware stack levels required when called:   10
 This function calls:
		_Lcd_Port
 This function is called by:
		_Lcd_Clear
		_Lcd_Set_Cursor
		_Lcd_Init
		_Lcd_Shift_Right
		_Lcd_Shift_Left
 This function uses a reentrant model


 *************** function _Lcd_Port *****************
 Defined at:
		line 4 in file "lcd.h"
 Parameters:    Size  Location     Type
  a               1  [STACK] unsigned char 
 Auto vars:     Size  Location     Type
		None
 Return value:  Size  Location     Type
                  1  [STACK] void 
 Registers used:
		wreg, fsr1l, fsr1h
 Tracked objects:
		On entry : 
		On exit  : 
		Unchanged: 
 Data sizes:     COMRAM   BANK0   BANK1   BANK2   BANK3   BANK4   BANK5
      Params:         0       0       0       0       0       0       0
      Locals:         0       0       0       0       0       0       0
      Temps:          0       0       0       0       0       0       0
      Totals:         0       0       0       0       0       0       0
Total ram usage:        0 bytes
 Hardware stack levels used:    1
 Hardware stack levels required when called:    9
 This function calls:
		Nothing
 This function is called by:
		_Lcd_Cmd
		_Lcd_Init
		_Lcd_Write_Char
 This function uses a reentrant model


 *************** function _Inicializa_ADC *****************
 Defined at:
		line 17 in file "adc.h"
 Parameters:    Size  Location     Type
		None
 Auto vars:     Size  Location     Type
		None
 Return value:  Size  Location     Type
                  1    wreg      void 
 Registers used:
		wreg, status,2
 Tracked objects:
		On entry : 
		On exit  : 
		Unchanged: 
 Data sizes:     COMRAM   BANK0   BANK1   BANK2   BANK3   BANK4   BANK5
      Params:         0       0       0       0       0       0       0
      Locals:         0       0       0       0       0       0       0
      Temps:          0       0       0       0       0       0       0
      Totals:         0       0       0       0       0       0       0
Total ram usage:        0 bytes
 Hardware stack levels used:    1
 Hardware stack levels required when called:    9
 This function calls:
		Nothing
 This function is called by:
		_user_tasks_config
 This function uses a non-reentrant model


 *************** function _create_task *****************
 Defined at:
		line 14 in file "kernel.c"
 Parameters:    Size  Location     Type
  id              2    0[BANK0 ] unsigned int 
  prior           2    2[BANK0 ] unsigned int 
  f               2    4[BANK0 ] PTR FTN()void 
		 -> task_idle(1), task_tres(1), task_dois(1), task_um(1), 
		 -> task_lcd(1), 
 Auto vars:     Size  Location     Type
		None
 Return value:  Size  Location     Type
                  2    0[BANK0 ] unsigned int 
 Registers used:
		wreg, fsr1l, fsr1h, fsr2l, fsr2h, status,2, status,0, btemp, btemp+1, btemp+11, prodl, prodh
 Tracked objects:
		On entry : 
		On exit  : 
		Unchanged: 
 Data sizes:     COMRAM   BANK0   BANK1   BANK2   BANK3   BANK4   BANK5
      Params:         0       6       0       0       0       0       0
      Locals:         0       0       0       0       0       0       0
      Temps:          2       0       0       0       0       0       0
      Totals:         2       6       0       0       0       0       0
Total ram usage:        8 bytes
 Hardware stack levels used:    1
 Hardware stack levels required when called:   10
 This function calls:
		___wmul
 This function is called by:
		_main
		_os_config
 This function uses a non-reentrant model


 *************** function ___wmul *****************
 Defined at:
		line 15 in file "C:\Program Files (x86)\Microchip\xc8\v2.10\pic\sources\c90\common\Umul16.c"
 Parameters:    Size  Location     Type
  multiplier      2  [STACK] unsigned int 
  multiplicand    2  [STACK] unsigned int 
 Auto vars:     Size  Location     Type
  product         2  [STACK] unsigned int 
 Return value:  Size  Location     Type
                  2  [STACK] unsigned int 
 Registers used:
		wreg, fsr1l, fsr1h, fsr2l, fsr2h, status,2, status,0, btemp, btemp+1, btemp+11, prodl, prodh
 Tracked objects:
		On entry : 
		On exit  : 
		Unchanged: 
 Data sizes:     COMRAM   BANK0   BANK1   BANK2   BANK3   BANK4   BANK5
      Params:         0       0       0       0       0       0       0
      Locals:         0       0       0       0       0       0       0
      Temps:          0       0       0       0       0       0       0
      Totals:         0       0       0       0       0       0       0
Total ram usage:        0 bytes
 Hardware stack levels used:    1
 Hardware stack levels required when called:    9
 This function calls:
		Nothing
 This function is called by:
		_create_task
		_sprintf
		_get_tid
		_delay_os
		_rr_scheduler_1
		_prior_scheduler
		_f_save_context
		_f_restore_context
		_delay_decrement
 This function uses a reentrant model


 *************** function _conf_timer0 *****************
 Defined at:
		line 12 in file "timer_0.c"
 Parameters:    Size  Location     Type
		None
 Auto vars:     Size  Location     Type
		None
 Return value:  Size  Location     Type
                  1    wreg      void 
 Registers used:
		wreg, status,2
 Tracked objects:
		On entry : 
		On exit  : 
		Unchanged: 
 Data sizes:     COMRAM   BANK0   BANK1   BANK2   BANK3   BANK4   BANK5
      Params:         0       0       0       0       0       0       0
      Locals:         0       0       0       0       0       0       0
      Temps:          0       0       0       0       0       0       0
      Totals:         0       0       0       0       0       0       0
Total ram usage:        0 bytes
 Hardware stack levels used:    1
 Hardware stack levels required when called:    9
 This function calls:
		Nothing
 This function is called by:
		_os_config
 This function uses a non-reentrant model


 *************** function _SRAMInitHeap *****************
 Defined at:
		line 313 in file "sralloc.c"
 Parameters:    Size  Location     Type
		None
 Auto vars:     Size  Location     Type
  count           2    2[BANK0 ] unsigned int 
  pHeap           2    0[BANK0 ] PTR unsigned char 
		 -> _uDynamicHeap(512), 
 Return value:  Size  Location     Type
                  1    wreg      void 
 Registers used:
		wreg, fsr2l, fsr2h, status,2, status,0
 Tracked objects:
		On entry : 
		On exit  : 
		Unchanged: 
 Data sizes:     COMRAM   BANK0   BANK1   BANK2   BANK3   BANK4   BANK5
      Params:         0       0       0       0       0       0       0
      Locals:         0       4       0       0       0       0       0
      Temps:          0       0       0       0       0       0       0
      Totals:         0       4       0       0       0       0       0
Total ram usage:        4 bytes
 Hardware stack levels used:    1
 Hardware stack levels required when called:    9
 This function calls:
		Nothing
 This function is called by:
		_main
 This function uses a non-reentrant model


 *************** function _task_lcd *****************
 Defined at:
		line 103 in file "user_tasks.c"
 Parameters:    Size  Location     Type
		None
 Auto vars:     Size  Location     Type
  s              16  [STACK] unsigned char [16]
  percentualBa    4  [STACK] float 
  tensao          4  [STACK] float 
  tensaoBateri    2  [STACK] unsigned int 
  i               1    0        unsigned char 
 Return value:  Size  Location     Type
                  1  [STACK] void 
 Registers used:
		wreg, fsr0l, fsr0h, fsr1l, fsr1h, fsr2l, fsr2h, status,2, status,0, btemp, btemp+1, btemp+2, btemp+3, btemp+4, btemp+5, btemp+6, btemp+7, btemp+8, btemp+9, btemp+10, btemp+11, tblptrl, tblptrh, tblptru, prodl, prodh
 Tracked objects:
		On entry : 
		On exit  : 
		Unchanged: 
 Data sizes:     COMRAM   BANK0   BANK1   BANK2   BANK3   BANK4   BANK5
      Params:         0       0       0       0       0       0       0
      Locals:         0       0       0       0       0       0       0
      Temps:          0       0       0       0       0       0       0
      Totals:         0       0       0       0       0       0       0
Total ram usage:        0 bytes
 Hardware stack levels used:    1
 Hardware stack levels required when called:    8
 This function calls:
		_Lcd_Clear
		_Lcd_Set_Cursor
		_Lcd_Write_String
		_LerADC
		_MsDelay
		___fldiv
		___flge
		___flmul
		___xxtofl
		_pipe_write
		_sem_post
		_sem_wait
		_sprintf
 This function is called by:
		_main
 This function uses a reentrant model


 *************** function _sprintf *****************
 Defined at:
		line 505 in file "C:\Program Files (x86)\Microchip\xc8\v2.10\pic\sources\c90\common\doprnt.c"
 Parameters:    Size  Location     Type
  sp              2  [STACK] PTR unsigned char 
		 -> task_lcd@s(16), 
  f               2  [STACK] PTR const unsigned char 
		 -> STR_2(7), 
 Auto vars:     Size  Location     Type
  fval            4  [STACK] PTR const unsigned char 
  tmpval          4  [STACK] struct .
  val             4  [STACK] unsigned long 
  cp              3    0        PTR const unsigned char 
  prec            2  [STACK] int 
  width           2  [STACK] int 
  flag            2  [STACK] unsigned short 
  eexp            2  [STACK] int 
  ap              2  [STACK] PTR void [1]
		 -> ?_sprintf(2), 
  len             2    0        unsigned int 
  c               1  [STACK] unsigned char 
  d               1    0        unsigned char 
 Return value:  Size  Location     Type
                  2  [STACK] int 
 Registers used:
		wreg, fsr0l, fsr0h, fsr1l, fsr1h, fsr2l, fsr2h, status,2, status,0, btemp, btemp+1, btemp+2, btemp+3, btemp+4, btemp+5, btemp+6, btemp+7, btemp+8, btemp+9, btemp+10, btemp+11, tblptrl, tblptrh, tblptru, prodl, prodh
 Tracked objects:
		On entry : 
		On exit  : 
		Unchanged: 
 Data sizes:     COMRAM   BANK0   BANK1   BANK2   BANK3   BANK4   BANK5
      Params:         0       0       0       0       0       0       0
      Locals:         0       0       0       0       0       0       0
      Temps:          0       0       0       0       0       0       0
      Totals:         0       0       0       0       0       0       0
Total ram usage:        0 bytes
 Hardware stack levels used:    1
 Hardware stack levels required when called:    6
 This function calls:
		___awdiv
		___fladd
		___fleq
		___flge
		___flmul
		___flneg
		___flsub
		___fltol
		___lldiv
		___llmod
		___wmul
		___xxtofl
		__div_to_l_
		__tdiv_to_l_
		_fround
		_isdigit
		_scale
 This function is called by:
		_task_lcd
 This function uses a reentrant model


 *************** function _scale *****************
 Defined at:
		line 433 in file "C:\Program Files (x86)\Microchip\xc8\v2.10\pic\sources\c90\common\doprnt.c"
 Parameters:    Size  Location     Type
  scl             1  [STACK] char 
 Auto vars:     Size  Location     Type
		None
 Return value:  Size  Location     Type
                  4  [STACK] char 
 Registers used:
		wreg, fsr0l, fsr0h, fsr1l, fsr1h, fsr2l, fsr2h, status,2, status,0, btemp, btemp+1, btemp+2, btemp+3, btemp+4, btemp+5, btemp+6, btemp+7, btemp+8, btemp+9, btemp+10, btemp+11, tblptrl, tblptrh, tblptru, prodl, prodh
 Tracked objects:
		On entry : 
		On exit  : 
		Unchanged: 
 Data sizes:     COMRAM   BANK0   BANK1   BANK2   BANK3   BANK4   BANK5
      Params:         0       0       0       0       0       0       0
      Locals:         0       0       0       0       0       0       0
      Temps:          0       0       0       0       0       0       0
      Totals:         0       0       0       0       0       0       0
Total ram usage:        0 bytes
 Hardware stack levels used:    1
 Hardware stack levels required when called:    5
 This function calls:
		___awdiv
		___awmod
		___flmul
 This function is called by:
		_sprintf
 This function uses a reentrant model


 *************** function ___awdiv *****************
 Defined at:
		line 7 in file "C:\Program Files (x86)\Microchip\xc8\v2.10\pic\sources\c90\common\awdiv.c"
 Parameters:    Size  Location     Type
  dividend        2  [STACK] int 
  divisor         2  [STACK] int 
 Auto vars:     Size  Location     Type
  quotient        2  [STACK] int 
  sign            1  [STACK] unsigned char 
  counter         1  [STACK] unsigned char 
 Return value:  Size  Location     Type
                  2  [STACK] int 
 Registers used:
		wreg, fsr1l, fsr1h, status,2, status,0, btemp, btemp+1, btemp+8, btemp+9, btemp+10, btemp+11, prodl
 Tracked objects:
		On entry : 
		On exit  : 
		Unchanged: 
 Data sizes:     COMRAM   BANK0   BANK1   BANK2   BANK3   BANK4   BANK5
      Params:         0       0       0       0       0       0       0
      Locals:         0       0       0       0       0       0       0
      Temps:          0       0       0       0       0       0       0
      Totals:         0       0       0       0       0       0       0
Total ram usage:        0 bytes
 Hardware stack levels used:    1
 Hardware stack levels required when called:    4
 This function calls:
		Nothing
 This function is called by:
		_scale
		_sprintf
 This function uses a reentrant model


 *************** function _isdigit *****************
 Defined at:
		line 8 in file "C:\Program Files (x86)\Microchip\xc8\v2.10\pic\sources\c90\common\isdigit.c"
 Parameters:    Size  Location     Type
  c               1  [STACK] unsigned char 
 Auto vars:     Size  Location     Type
		None
 Return value:  Size  Location     Type
		None               void
 Registers used:
		wreg, fsr1l, fsr1h, status,2, status,0, btemp, btemp+11
 Tracked objects:
		On entry : 
		On exit  : 
		Unchanged: 
 Data sizes:     COMRAM   BANK0   BANK1   BANK2   BANK3   BANK4   BANK5
      Params:         0       0       0       0       0       0       0
      Locals:         0       0       0       0       0       0       0
      Temps:          0       0       0       0       0       0       0
      Totals:         0       0       0       0       0       0       0
Total ram usage:        0 bytes
 Hardware stack levels used:    1
 Hardware stack levels required when called:    4
 This function calls:
		Nothing
 This function is called by:
		_sprintf
 This function uses a reentrant model


 *************** function _fround *****************
 Defined at:
		line 417 in file "C:\Program Files (x86)\Microchip\xc8\v2.10\pic\sources\c90\common\doprnt.c"
 Parameters:    Size  Location     Type
  prec            1  [STACK] unsigned char 
 Auto vars:     Size  Location     Type
		None
 Return value:  Size  Location     Type
                  4  [STACK] unsigned char 
 Registers used:
		wreg, fsr0l, fsr0h, fsr1l, fsr1h, fsr2l, fsr2h, status,2, status,0, btemp, btemp+1, btemp+2, btemp+3, btemp+4, btemp+5, btemp+6, btemp+7, btemp+8, btemp+9, btemp+10, btemp+11, tblptrl, tblptrh, tblptru, prodl, prodh
 Tracked objects:
		On entry : 
		On exit  : 
		Unchanged: 
 Data sizes:     COMRAM   BANK0   BANK1   BANK2   BANK3   BANK4   BANK5
      Params:         0       0       0       0       0       0       0
      Locals:         0       0       0       0       0       0       0
      Temps:          0       0       0       0       0       0       0
      Totals:         0       0       0       0       0       0       0
Total ram usage:        0 bytes
 Hardware stack levels used:    1
 Hardware stack levels required when called:    5
 This function calls:
		___flmul
		___lbdiv
		___lbmod
 This function is called by:
		_sprintf
 This function uses a reentrant model


 *************** function ___lbmod *****************
 Defined at:
		line 4 in file "C:\Program Files (x86)\Microchip\xc8\v2.10\pic\sources\c90\common\lbmod.c"
 Parameters:    Size  Location     Type
  dividend        1  [STACK] unsigned char 
  divisor         1  [STACK] unsigned char 
 Auto vars:     Size  Location     Type
  rem             1  [STACK] unsigned char 
  counter         1  [STACK] unsigned char 
 Return value:  Size  Location     Type
                  1  [STACK] unsigned char 
 Registers used:
		wreg, fsr1l, fsr1h, fsr2l, fsr2h, status,2, status,0, btemp, btemp+10, btemp+11
 Tracked objects:
		On entry : 
		On exit  : 
		Unchanged: 
 Data sizes:     COMRAM   BANK0   BANK1   BANK2   BANK3   BANK4   BANK5
      Params:         0       0       0       0       0       0       0
      Locals:         0       0       0       0       0       0       0
      Temps:          0       0       0       0       0       0       0
      Totals:         0       0       0       0       0       0       0
Total ram usage:        0 bytes
 Hardware stack levels used:    1
 Hardware stack levels required when called:    4
 This function calls:
		Nothing
 This function is called by:
		_fround
 This function uses a reentrant model


 *************** function ___lbdiv *****************
 Defined at:
		line 4 in file "C:\Program Files (x86)\Microchip\xc8\v2.10\pic\sources\c90\common\lbdiv.c"
 Parameters:    Size  Location     Type
  dividend        1  [STACK] unsigned char 
  divisor         1  [STACK] unsigned char 
 Auto vars:     Size  Location     Type
  quotient        1  [STACK] unsigned char 
  counter         1  [STACK] unsigned char 
 Return value:  Size  Location     Type
                  1  [STACK] unsigned char 
 Registers used:
		wreg, fsr1l, fsr1h, fsr2l, fsr2h, status,2, status,0, btemp, btemp+11
 Tracked objects:
		On entry : 
		On exit  : 
		Unchanged: 
 Data sizes:     COMRAM   BANK0   BANK1   BANK2   BANK3   BANK4   BANK5
      Params:         0       0       0       0       0       0       0
      Locals:         0       0       0       0       0       0       0
      Temps:          0       0       0       0       0       0       0
      Totals:         0       0       0       0       0       0       0
Total ram usage:        0 bytes
 Hardware stack levels used:    1
 Hardware stack levels required when called:    4
 This function calls:
		Nothing
 This function is called by:
		_fround
 This function uses a reentrant model


 *************** function ___flmul *****************
 Defined at:
		line 8 in file "C:\Program Files (x86)\Microchip\xc8\v2.10\pic\sources\c90\common\sprcmul.c"
 Parameters:    Size  Location     Type
  b               4  [STACK] unsigned char 
  a               4  [STACK] unsigned char 
 Auto vars:     Size  Location     Type
  prod            4  [STACK] struct .
  grs             4  [STACK] unsigned long 
  temp            2  [STACK] struct .
  bexp            1  [STACK] unsigned char 
  aexp            1  [STACK] unsigned char 
  sign            1  [STACK] unsigned char 
 Return value:  Size  Location     Type
                  4  [STACK] unsigned char 
 Registers used:
		wreg, fsr0l, fsr0h, fsr1l, fsr1h, fsr2l, fsr2h, status,2, status,0, btemp, btemp+1, btemp+2, btemp+3, btemp+4, btemp+5, btemp+6, btemp+7, btemp+8, btemp+9, btemp+10, btemp+11, prodl, prodh
 Tracked objects:
		On entry : 
		On exit  : 
		Unchanged: 
 Data sizes:     COMRAM   BANK0   BANK1   BANK2   BANK3   BANK4   BANK5
      Params:         0       0       0       0       0       0       0
      Locals:         0       0       0       0       0       0       0
      Temps:          0       0       0       0       0       0       0
      Totals:         0       0       0       0       0       0       0
Total ram usage:        0 bytes
 Hardware stack levels used:    1
 Hardware stack levels required when called:    4
 This function calls:
		Nothing
 This function is called by:
		_task_lcd
		_fround
		_scale
		_sprintf
 This function uses a reentrant model


 *************** function __tdiv_to_l_ *****************
 Defined at:
		line 60 in file "C:\Program Files (x86)\Microchip\xc8\v2.10\pic\sources\c90\common\ftdivl.c"
 Parameters:    Size  Location     Type
  f1              4  [STACK] float 
  f2              4  [STACK] float 
 Auto vars:     Size  Location     Type
  quot            4  [STACK] unsigned long 
  exp1            1  [STACK] unsigned char 
  cntr            1  [STACK] unsigned char 
 Return value:  Size  Location     Type
                  4  [STACK] unsigned long 
 Registers used:
		wreg, fsr1l, fsr1h, fsr2l, fsr2h, status,2, status,0, btemp, btemp+1, btemp+2, btemp+3, btemp+6, btemp+7, btemp+8, btemp+9, btemp+10, btemp+11
 Tracked objects:
		On entry : 
		On exit  : 
		Unchanged: 
 Data sizes:     COMRAM   BANK0   BANK1   BANK2   BANK3   BANK4   BANK5
      Params:         0       0       0       0       0       0       0
      Locals:         0       0       0       0       0       0       0
      Temps:          0       0       0       0       0       0       0
      Totals:         0       0       0       0       0       0       0
Total ram usage:        0 bytes
 Hardware stack levels used:    1
 Hardware stack levels required when called:    4
 This function calls:
		Nothing
 This function is called by:
		_sprintf
 This function uses a reentrant model


 *************** function __div_to_l_ *****************
 Defined at:
		line 60 in file "C:\Program Files (x86)\Microchip\xc8\v2.10\pic\sources\c90\common\fldivl.c"
 Parameters:    Size  Location     Type
  f1              4  [STACK] unsigned long 
  f2              4  [STACK] unsigned long 
 Auto vars:     Size  Location     Type
  quot            4  [STACK] unsigned long 
  exp1            1  [STACK] unsigned char 
  cntr            1  [STACK] unsigned char 
 Return value:  Size  Location     Type
                  4  [STACK] unsigned long 
 Registers used:
		wreg, fsr1l, fsr1h, fsr2l, fsr2h, status,2, status,0, btemp, btemp+1, btemp+2, btemp+3, btemp+8, btemp+9, btemp+10, btemp+11
 Tracked objects:
		On entry : 
		On exit  : 
		Unchanged: 
 Data sizes:     COMRAM   BANK0   BANK1   BANK2   BANK3   BANK4   BANK5
      Params:         0       0       0       0       0       0       0
      Locals:         0       0       0       0       0       0       0
      Temps:          0       0       0       0       0       0       0
[...]
      Totals:         0       0       0       0       0       0       0
Total ram usage:        0 bytes
 Hardware stack levels used:    1
 Hardware stack levels required when called:    6
 This function calls:
		_Lcd_Write_Char
 This function is called by:
		_task_lcd
 This function uses a reentrant model


 *************** function _Lcd_Write_Char *****************
 Defined at:
		line 81 in file "lcd.h"
 Parameters:    Size  Location     Type
  a               1  [STACK] unsigned char 
 Auto vars:     Size  Location     Type
  y               1  [STACK] unsigned char 
  temp            1  [STACK] unsigned char 
 Return value:  Size  Location     Type
                  1  [STACK] void 
 Registers used:
		wreg, fsr1l, fsr1h, status,2, status,0, btemp+11
 Tracked objects:
		On entry : 
		On exit  : 
		Unchanged: 
 Data sizes:     COMRAM   BANK0   BANK1   BANK2   BANK3   BANK4   BANK5
      Params:         0       0       0       0       0       0       0
      Locals:         0       0       0       0       0       0       0
      Temps:          0       0       0       0       0       0       0
      Totals:         0       0       0       0       0       0       0
Total ram usage:        0 bytes
 Hardware stack levels used:    1
 Hardware stack levels required when called:    5
 This function calls:
		_Lcd_Port
 This function is called by:
		_Lcd_Write_String
 This function uses a reentrant model


 *************** function _Lcd_Set_Cursor *****************
 Defined at:
		line 41 in file "lcd.h"
 Parameters:    Size  Location     Type
  a               1  [STACK] unsigned char 
  b               1  [STACK] unsigned char 
 Auto vars:     Size  Location     Type
  temp            1  [STACK] unsigned char 
  y               1  [STACK] unsigned char 
  z               1  [STACK] unsigned char 
 Return value:  Size  Location     Type
                  1  [STACK] void 
 Registers used:
		wreg, fsr1l, fsr1h, status,2, status,0, btemp, btemp+10, btemp+11
 Tracked objects:
		On entry : 
		On exit  : 
		Unchanged: 
 Data sizes:     COMRAM   BANK0   BANK1   BANK2   BANK3   BANK4   BANK5
      Params:         0       0       0       0       0       0       0
      Locals:         0       0       0       0       0       0       0
      Temps:          0       0       0       0       0       0       0
      Totals:         0       0       0       0       0       0       0
Total ram usage:        0 bytes
 Hardware stack levels used:    1
 Hardware stack levels required when called:    6
 This function calls:
		_Lcd_Cmd
 This function is called by:
		_task_lcd
 This function uses a reentrant model


 *************** function _Lcd_Clear *****************
 Defined at:
		line 35 in file "lcd.h"
 Parameters:    Size  Location     Type
		None
 Auto vars:     Size  Location     Type
		None
 Return value:  Size  Location     Type
                  2  [STACK] int 
 Registers used:
		wreg, fsr1l, fsr1h, status,2, btemp
 Tracked objects:
		On entry : 
		On exit  : 
		Unchanged: 
 Data sizes:     COMRAM   BANK0   BANK1   BANK2   BANK3   BANK4   BANK5
      Params:         0       0       0       0       0       0       0
      Locals:         0       0       0       0       0       0       0
      Temps:          0       0       0       0       0       0       0
      Totals:         0       0       0       0       0       0       0
Total ram usage:        0 bytes
 Hardware stack levels used:    1
 Hardware stack levels required when called:    6
 This function calls:
		_Lcd_Cmd
 This function is called by:
		_task_lcd
 This function uses a reentrant model


 *************** function _task_um *****************
 Defined at:
		line 59 in file "user_tasks.c"
 Parameters:    Size  Location     Type
		None
 Auto vars:     Size  Location     Type
  dado            1    0        unsigned char 
 Return value:  Size  Location     Type
                  1  [STACK] void 
 Registers used:
		wreg, fsr0l, fsr0h, fsr1l, fsr1h, fsr2l, fsr2h, status,2, status,0, btemp, btemp+1, btemp+6, btemp+7, btemp+8, btemp+9, btemp+10, btemp+11, prodl, prodh
 Tracked objects:
		On entry : 
		On exit  : 
		Unchanged: 
 Data sizes:     COMRAM   BANK0   BANK1   BANK2   BANK3   BANK4   BANK5
      Params:         0       0       0       0       0       0       0
      Locals:         0       0       0       0       0       0       0
      Temps:          0       0       0       0       0       0       0
      Totals:         0       0       0       0       0       0       0
Total ram usage:        0 bytes
 Hardware stack levels used:    1
 Hardware stack levels required when called:    8
 This function calls:
		_sem_post
		_sem_wait
 This function is called by:
		_main
 This function uses a reentrant model


 *************** function _task_dois *****************
 Defined at:
		line 75 in file "user_tasks.c"
 Parameters:    Size  Location     Type
		None
 Auto vars:     Size  Location     Type
  dado            1    0        unsigned char 
 Return value:  Size  Location     Type
                  1  [STACK] void 
 Registers used:
		wreg, fsr0l, fsr0h, fsr1l, fsr1h, fsr2l, fsr2h, status,2, status,0, btemp, btemp+1, btemp+6, btemp+7, btemp+8, btemp+9, btemp+10, btemp+11, prodl, prodh
 Tracked objects:
		On entry : 
		On exit  : 
		Unchanged: 
 Data sizes:     COMRAM   BANK0   BANK1   BANK2   BANK3   BANK4   BANK5
      Params:         0       0       0       0       0       0       0
      Locals:         0       0       0       0       0       0       0
      Temps:          0       0       0       0       0       0       0
      Totals:         0       0       0       0       0       0       0
Total ram usage:        0 bytes
 Hardware stack levels used:    1
 Hardware stack levels required when called:    8
 This function calls:
		_sem_post
		_sem_wait
 This function is called by:
		_main
 This function uses a reentrant model


 *************** function _task_tres *****************
 Defined at:
		line 89 in file "user_tasks.c"
 Parameters:    Size  Location     Type
		None
 Auto vars:     Size  Location     Type
  dado            1    0        unsigned char 
 Return value:  Size  Location     Type
                  1  [STACK] void 
 Registers used:
		wreg, fsr0l, fsr0h, fsr1l, fsr1h, fsr2l, fsr2h, status,2, status,0, btemp, btemp+1, btemp+6, btemp+7, btemp+8, btemp+9, btemp+10, btemp+11, prodl, prodh
 Tracked objects:
		On entry : 
		On exit  : 
		Unchanged: 
 Data sizes:     COMRAM   BANK0   BANK1   BANK2   BANK3   BANK4   BANK5
      Params:         0       0       0       0       0       0       0
      Locals:         0       0       0       0       0       0       0
      Temps:          0       0       0       0       0       0       0
      Totals:         0       0       0       0       0       0       0
Total ram usage:        0 bytes
 Hardware stack levels used:    1
 Hardware stack levels required when called:    8
 This function calls:
		_sem_post
		_sem_wait
 This function is called by:
		_main
 This function uses a reentrant model


 *************** function _task_idle *****************
 Defined at:
		line 112 in file "kernel.c"
 Parameters:    Size  Location     Type
		None
 Auto vars:     Size  Location     Type
		None
 Return value:  Size  Location     Type
                  1  [STACK] void 
 Registers used:
		wreg, status,2, status,0, btemp+11
 Tracked objects:
		On entry : 
		On exit  : 
		Unchanged: 
 Data sizes:     COMRAM   BANK0   BANK1   BANK2   BANK3   BANK4   BANK5
      Params:         0       0       0       0       0       0       0
      Locals:         0       0       0       0       0       0       0
      Temps:          0       0       0       0       0       0       0
      Totals:         0       0       0       0       0       0       0
Total ram usage:        0 bytes
 Hardware stack levels used:    1
 Hardware stack levels required when called:    4
 This function calls:
		Nothing
 This function is called by:
		_os_config
 This function uses a reentrant model


 *************** function _task_m1 *****************
 Defined at:
		line 148 in file "user_tasks.c"
 Parameters:    Size  Location     Type
		None
 Auto vars:     Size  Location     Type
  dado            1   14[COMRAM] unsigned char 
 Return value:  Size  Location     Type
                  1    wreg      void 
 Registers used:
		wreg, fsr0l, fsr0h, fsr1l, fsr1h, fsr2l, fsr2h, status,2, status,0, btemp, btemp+1, btemp+6, btemp+7, btemp+8, btemp+9, btemp+10, btemp+11, prodl, prodh
 Tracked objects:
		On entry : 
		On exit  : 
		Unchanged: 
 Data sizes:     COMRAM   BANK0   BANK1   BANK2   BANK3   BANK4   BANK5
      Params:         0       0       0       0       0       0       0
      Locals:         1       0       0       0       0       0       0
      Temps:          0       0       0       0       0       0       0
      Totals:         1       0       0       0       0       0       0
Total ram usage:        1 bytes
 Hardware stack levels used:    1
 Hardware stack levels required when called:    8
 This function calls:
		_pipe_read
		_sem_post
		_sem_wait
 This function is called by:
		Interrupt level 1
 This function uses a non-reentrant model


 *************** function _pipe_read *****************
 Defined at:
		line 17 in file "pipe.c"
 Parameters:    Size  Location     Type
  p               2  [STACK] PTR struct pipe
		 -> msg2(10), msg1(10), 
  data            2  [STACK] PTR unsigned char 
		 -> task_m2@dado(1), task_m1@dado(1), 
 Auto vars:     Size  Location     Type
		None
 Return value:  Size  Location     Type
                  1  [STACK] void 
 Registers used:
		wreg, fsr0l, fsr0h, fsr1l, fsr1h, fsr2l, fsr2h, status,2, status,0, btemp, btemp+1, btemp+6, btemp+7, btemp+8, btemp+9, btemp+10, btemp+11, prodl, prodh
 Tracked objects:
		On entry : 
		On exit  : 
		Unchanged: 
 Data sizes:     COMRAM   BANK0   BANK1   BANK2   BANK3   BANK4   BANK5
      Params:         0       0       0       0       0       0       0
      Locals:         0       0       0       0       0       0       0
      Temps:          0       0       0       0       0       0       0
      Totals:         0       0       0       0       0       0       0
Total ram usage:        0 bytes
 Hardware stack levels used:    1
 Hardware stack levels required when called:    7
 This function calls:
		_dispatcher
 This function is called by:
		_task_m1
		_task_m2
 This function uses a reentrant model


 *************** function _task_m2 *****************
 Defined at:
		line 163 in file "user_tasks.c"
 Parameters:    Size  Location     Type
		None
 Auto vars:     Size  Location     Type
  dado            1   15[COMRAM] unsigned char 
 Return value:  Size  Location     Type
                  1    wreg      void 
 Registers used:
		wreg, fsr0l, fsr0h, fsr1l, fsr1h, fsr2l, fsr2h, status,2, status,0, btemp, btemp+1, btemp+6, btemp+7, btemp+8, btemp+9, btemp+10, btemp+11, prodl, prodh
 Tracked objects:
		On entry : 
		On exit  : 
		Unchanged: 
 Data sizes:     COMRAM   BANK0   BANK1   BANK2   BANK3   BANK4   BANK5
      Params:         0       0       0       0       0       0       0
      Locals:         1       0       0       0       0       0       0
      Temps:          0       0       0       0       0       0       0
      Totals:         1       0       0       0       0       0       0
Total ram usage:        1 bytes
 Hardware stack levels used:    1
 Hardware stack levels required when called:    8
 This function calls:
		_pipe_read
		_sem_post
		_sem_wait
 This function is called by:
		Interrupt level 1
 This function uses a non-reentrant model


 *************** function _timer_zero_int *****************
 Defined at:
		line 23 in file "timer_0.c"
 Parameters:    Size  Location     Type
		None
 Auto vars:     Size  Location     Type
  i               2    0        int 
 Return value:  Size  Location     Type
                  1    wreg      void 
 Registers used:
		wreg, fsr1l, fsr1h, fsr2l, fsr2h, status,2, status,0, btemp, btemp+1, btemp+6, btemp+7, btemp+8, btemp+9, btemp+10, btemp+11, prodl, prodh
 Tracked objects:
		On entry : 
		On exit  : 
		Unchanged: 
 Data sizes:     COMRAM   BANK0   BANK1   BANK2   BANK3   BANK4   BANK5
      Params:         0       0       0       0       0       0       0
      Locals:         0       0       0       0       0       0       0
      Temps:         14       0       0       0       0       0       0
      Totals:        14       0       0       0       0       0       0
Total ram usage:       14 bytes
 Hardware stack levels used:    1
 Hardware stack levels required when called:    3
 This function calls:
		_dispatcher
 This function is called by:
		Interrupt level 2
 This function uses a non-reentrant model



MODULE INFORMATION

Module		Function		Class		Link	Load	Size
semaphore.c
		_sem_create    		CODE           	6422	0000	69
		_sem_wait      		CODE           	5664	0000	259
		_sem_post      		CODE           	5076	0000	335

semaphore.c estimated size: 663

C:\Program Files (x86)\Microchip\xc8\v2.10\pic\sources\c90\common\fleq.c
		___fleq        		CODE           	584C	0000	229

C:\Program Files (x86)\Microchip\xc8\v2.10\pic\sources\c90\common\fleq.c estimated size: 229

delay.c
		_MsDelay       		CODE           	5C56	0000	175

delay.c estimated size: 175

C:\Program Files (x86)\Microchip\xc8\v2.10\pic\sources\c90\common\awdiv.c
		___awdiv       		CODE           	4EFA	0000	381

C:\Program Files (x86)\Microchip\xc8\v2.10\pic\sources\c90\common\awdiv.c estimated size: 381

C:\Program Files (x86)\Microchip\xc8\v2.10\pic\sources\c90\common\fltol.c
		___fltol       		CODE           	4A50	0000	425

C:\Program Files (x86)\Microchip\xc8\v2.10\pic\sources\c90\common\fltol.c estimated size: 425

C:\Program Files (x86)\Microchip\xc8\v2.10\pic\sources\c90\common\lbmod.c
		___lbmod       		CODE           	5D04	0000	163

C:\Program Files (x86)\Microchip\xc8\v2.10\pic\sources\c90\common\lbmod.c estimated size: 163

C:\Program Files (x86)\Microchip\xc8\v2.10\pic\sources\c90\common\ftdivl.c
		__tdiv_to_l_   		CODE           	4454	0000	595

C:\Program Files (x86)\Microchip\xc8\v2.10\pic\sources\c90\common\ftdivl.c estimated size: 595

sralloc.c
		__SRAMmerge    		CODE           	5930	0000	219
		_SRAMalloc     		CODE           	543C	0000	295
		_SRAMInitHeap  		CODE           	609A	0000	105

sralloc.c estimated size: 619

C:\Program Files (x86)\Microchip\xc8\v2.10\pic\sources\c90\common\Umul16.c
		___wmul        		CODE           	5F7C	0000	151

C:\Program Files (x86)\Microchip\xc8\v2.10\pic\sources\c90\common\Umul16.c estimated size: 151

C:\Program Files (x86)\Microchip\xc8\v2.10\pic\sources\c90\common\fldivl.c
		__div_to_l_    		CODE           	3D1E	0000	645

C:\Program Files (x86)\Microchip\xc8\v2.10\pic\sources\c90\common\fldivl.c estimated size: 645

C:\Program Files (x86)\Microchip\xc8\v2.10\pic\sources\c90\common\sprcmul.c
		___flmul       		CODE           	2264	0000	2139

C:\Program Files (x86)\Microchip\xc8\v2.10\pic\sources\c90\common\sprcmul.c estimated size: 2139

C:\Program Files (x86)\Microchip\xc8\v2.10\pic\sources\c90\common\__lldiv.c
		___lldiv       		CODE           	530E	0000	303

C:\Program Files (x86)\Microchip\xc8\v2.10\pic\sources\c90\common\__lldiv.c estimated size: 303

C:\Program Files (x86)\Microchip\xc8\v2.10\pic\sources\c90\common\sprcdiv.c
		___fldiv       		CODE           	2ABE	0000	1579

C:\Program Files (x86)\Microchip\xc8\v2.10\pic\sources\c90\common\sprcdiv.c estimated size: 1579

C:\Program Files (x86)\Microchip\xc8\v2.10\pic\sources\c90\common\flneg.c
		___flneg       		CODE           	63D8	0000	75

C:\Program Files (x86)\Microchip\xc8\v2.10\pic\sources\c90\common\flneg.c estimated size: 75

adc.h
		_Inicializa_ADC		CODE           	65EE	0000	19
		_LerADC        		CODE           	628E	0000	95

adc.h estimated size: 114

C:\Program Files (x86)\Microchip\xc8\v2.10\pic\sources\c90\common\lbdiv.c
		___lbdiv       		CODE           	5A0A	0000	219

C:\Program Files (x86)\Microchip\xc8\v2.10\pic\sources\c90\common\lbdiv.c estimated size: 219

C:\Program Files (x86)\Microchip\xc8\v2.10\pic\sources\c90\common\flge.c
		___flge        		CODE           	4BF8	0000	391

C:\Program Files (x86)\Microchip\xc8\v2.10\pic\sources\c90\common\flge.c estimated size: 391

C:\Program Files (x86)\Microchip\xc8\v2.10\pic\sources\c90\common\xxtofl.c
		___xxtofl      		CODE           	3FA2	0000	609

C:\Program Files (x86)\Microchip\xc8\v2.10\pic\sources\c90\common\xxtofl.c estimated size: 609

kernel.c
		_rr_scheduler  		CODE           	5EE2	0000	155
		_create_task   		CODE           	4D7E	0000	381
		_os_config     		CODE           	64A8	0000	65
		_dispatcher    		CODE           	30E8	0000	1329
		_start_OS      		CODE           	6624	0000	9
		_task_idle     		CODE           	659C	0000	47

kernel.c estimated size: 1986

timer_0.c
		_timer_zero_int		CODE           	0008	0000	185
		_conf_timer0   		CODE           	6600	0000	19

timer_0.c estimated size: 204

shared
		__powers_      		SMALLCONST     	0601	0000	53
		_dpowers       		SMALLCONST     	0669	0000	41
		__npowers_     		SMALLCONST     	0635	0000	53
		__initialization		CODE           	633E	0000	69

shared estimated size: 216

C:\Program Files (x86)\Microchip\xc8\v2.10\pic\sources\c90\common\awmod.c
		___awmod       		CODE           	51C4	0000	331

C:\Program Files (x86)\Microchip\xc8\v2.10\pic\sources\c90\common\awmod.c estimated size: 331

pipe.c
		_pipe_read     		CODE           	46A6	0000	477
		_pipe_write    		CODE           	4882	0000	463
		_pipe_create   		CODE           	62EC	0000	83

pipe.c estimated size: 1023

lcd.h
		_Lcd_Write_String		CODE           	5AE4	0000	191
		_Lcd_Init      		CODE           	6012	0000	137
		_Lcd_Write_Char		CODE           	622E	0000	97
		_Lcd_Cmd       		CODE           	65CA	0000	37
		_Lcd_Set_Cursor		CODE           	5E46	0000	157
		_Lcd_Clear     		CODE           	6612	0000	19
		_Lcd_Port      		CODE           	6102	0000	101

lcd.h estimated size: 739

C:\Program Files (x86)\Microchip\xc8\v2.10\pic\sources\c90\common\isdigit.c
		_isdigit       		CODE           	638C	0000	77

C:\Program Files (x86)\Microchip\xc8\v2.10\pic\sources\c90\common\isdigit.c estimated size: 77

C:\Program Files (x86)\Microchip\xc8\v2.10\pic\sources\c90\common\llmod.c
		___llmod       		CODE           	5562	0000	259

C:\Program Files (x86)\Microchip\xc8\v2.10\pic\sources\c90\common\llmod.c estimated size: 259

C:\Program Files (x86)\Microchip\xc8\v2.10\pic\sources\c90\common\sprcadd.c
		___flsub       		CODE           	6566	0000	55
		___fladd       		CODE           	197C	0000	2281

C:\Program Files (x86)\Microchip\xc8\v2.10\pic\sources\c90\common\sprcadd.c estimated size: 2336

user_tasks.c
		_task_m1       		CODE           	6166	0000	101
		_task_um       		CODE           	6528	0000	63
		_task_lcd      		CODE           	3A36	0000	745
		_user_tasks_config		CODE           	5DA6	0000	161
		_task_tres     		CODE           	6466	0000	67
		_task_dois     		CODE           	64E8	0000	65
		_task_m2       		CODE           	61CA	0000	101

user_tasks.c estimated size: 1303

C:\Program Files (x86)\Microchip\xc8\v2.10\pic\sources\c90\common\doprnt.c
		_scale         		CODE           	3618	0000	1055
		_sprintf       		CODE           	06A4	0000	4825
		_fround        		CODE           	4202	0000	595

C:\Program Files (x86)\Microchip\xc8\v2.10\pic\sources\c90\common\doprnt.c estimated size: 6475

main.c
		_main          		CODE           	5766	0000	231

main.c estimated size: 231

